Command:
C:\Users\Asus\sciebo - Johanning, Philipp (philipp.johanning@tu-dortmund.de)@tu-dortmund.sciebo.de2\Master\Semester 1\MLME\GitHub Clone Projekt\Mandatory-tasks\.venv\Scripts\python.exe C:\Users\Asus\sciebo - Johanning, Philipp (philipp.johanning@tu-dortmund.de)@tu-dortmund.sciebo.de2\Master\Semester 1\MLME\GitHub Clone Projekt\Mandatory-tasks\Task03\Task03_main.py --acq ei --init-method lhc --run-id 7 --patience 30 --init-samples 20 --budget 1000000.0

running experiment [micro, 40.219391583837734, 4.735037877683941, 1.4789486593303338, 1.8193189458960561, 1.8226370569839314]
running experiment [micro, 55.964313935178275, 8.343489040505482, 0.8618052129337436, 1.5992945930087108, 0.3004476622351548]
running experiment [micro, 35.977257984687554, 5.807400187267206, 1.2408488848641621, 0.5243635168242415, 0.859360398354557]
running experiment [micro, 45.45049373281256, 8.73842753970669, 0.27882313345144716, 1.2977570632099207, 1.5852949727496788]
running experiment [micro, 33.26039689620484, 5.576077697720379, 1.1422213956059686, 1.100810585698703, 1.9771328527110068]
running experiment [micro, 47.804783766052154, 7.831789649750945, 0.6633233002525744, 1.4761121256246605, 1.3178213057811923]
running experiment [micro, 42.50618183746373, 7.531750608394646, 1.8371410690209875, 1.0061196057400994, 0.783267678263585]
running experiment [micro, 21.532999069879207, 3.3007869576017987, 1.3623909823988078, 0.21242319950509247, 0.15597763804086343]
running experiment [micro, 59.04407824498054, 8.109189330485805, 1.673675545723858, 1.7473714263100049, 0.5995985526124945]
running experiment [micro, 23.728766854352195, 3.82372945839747, 1.0840499406360553, 0.8878854589985339, 1.6092030124537633]
running experiment [micro, 48.58646760151514, 6.501619029367504, 0.3423870334578444, 0.344621155202199, 1.4424369156052466]
  [rate-limited, sleeping 1.0s]
  [rate-limited, sleeping 2.5s]
  [rate-limited, sleeping 6.2s]
  [rate-limited, sleeping 15.6s]
  [rate-limited, sleeping 39.1s]
running experiment [micro, 38.87335503242669, 9.199404938619812, 1.5333388010583995, 1.6196398869251585, 1.1058695778942202]
running experiment [micro, 24.83753068541946, 4.507573882988053, 1.9967429000213772, 0.900501745665353, 1.0426973922674945]
running experiment [micro, 52.60122994117135, 9.14178998053792, 1.725164717050437, 0.18626480568851395, 0.2826549359390273]
running experiment [micro, 29.167816137908588, 6.742088697450695, 0.4688031091263021, 1.3611558745033991, 0.4023222399768035]
running experiment [micro, 51.90922964357356, 5.059389705691815, 0.11409233950484743, 1.9491502521072204, 1.252534008885928]
running experiment [micro, 56.70241795825031, 3.4246287293001694, 0.7076553634116246, 0.04132013033523315, 1.7442713985734688]
running experiment [micro, 37.66612020495073, 4.184354706540079, 0.9661505223197908, 0.6636609171412429, 0.9242482730882612]
running experiment [micro, 30.78200303626307, 7.191418523420594, 0.09260935453057767, 0.7111109093809083, 0.08329056271544519]
running experiment [micro, 26.79020025101139, 5.950713718279088, 0.5624403495463548, 0.4257887377387868, 0.6263697548489874]

iteration 0 - best Y = 4.297 (for 0 iterations) | cost = 200 €
length_scale of T is at upper bound
length_scale of F2 is at upper bound
next point: T=48.6 pH=5.74 F1=1.24 F2=1.09 F3=1.99 | acq=1.167e-02 | GP: mu=3.908 sigma=0.342
measurement: Y = 4.444 -> projected: Y = 2.968

iteration 1 - best Y = 4.297 (for 1 iterations) | cost = 700 €
length_scale of F2 is at upper bound
length_scale of F3 is at upper bound
next point: T=34.6 pH=5.65 F1=1.27 F2=1.72 F3=1.81 | acq=6.090e-03 | GP: mu=3.871 sigma=0.313
measurement: Y = 6.957 -> projected: Y = 4.646

iteration 2 - best Y = 4.646 (for 0 iterations) | cost = 1200 €
length_scale of F2 is at upper bound
next point: T=32.5 pH=6.55 F1=1.31 F2=1.59 F3=1.83 | acq=2.212e-02 | GP: mu=4.466 sigma=0.271
measurement: Y = 4.276 -> projected: Y = 2.856

iteration 3 - best Y = 4.646 (for 1 iterations) | cost = 1700 €
length_scale of F2 is at upper bound
length_scale of F3 is at upper bound
next point: T=35.2 pH=5.30 F1=1.24 F2=1.97 F3=1.51 | acq=4.461e-02 | GP: mu=4.541 sigma=0.294
measurement: Y = 7.404 -> projected: Y = 4.945

iteration 4 - best Y = 4.945 (for 0 iterations) | cost = 2200 €
length_scale of F1 is at upper bound
length_scale of F2 is at upper bound
length_scale of F3 is at upper bound
next point: T=36.1 pH=5.43 F1=1.91 F2=1.99 F3=1.62 | acq=2.704e-02 | GP: mu=4.773 sigma=0.282
measurement: Y = 8.522 -> projected: Y = 5.692

iteration 5 - best Y = 5.692 (for 0 iterations) | cost = 2700 €
length_scale of F2 is at upper bound
length_scale of F3 is at upper bound
next point: T=35.0 pH=5.35 F1=2.00 F2=1.96 F3=1.40 | acq=2.378e-02 | GP: mu=5.630 sigma=0.190
measurement: Y = 7.064 -> projected: Y = 4.718

iteration 6 - best Y = 5.692 (for 1 iterations) | cost = 3200 €
length_scale of F1 is at upper bound
length_scale of F2 is at upper bound
next point: T=37.1 pH=5.15 F1=1.76 F2=1.96 F3=1.82 | acq=9.162e-02 | GP: mu=5.741 sigma=0.269
measurement: Y = 6.116 -> projected: Y = 4.085

iteration 7 - best Y = 5.692 (for 2 iterations) | cost = 3700 €
length_scale of F1 is at upper bound
length_scale of F2 is at upper bound
next point: T=36.6 pH=5.45 F1=1.77 F2=1.06 F3=1.68 | acq=3.671e-02 | GP: mu=5.422 sigma=0.379
measurement: Y = 8.645 -> projected: Y = 5.774

iteration 8 - best Y = 5.774 (for 0 iterations) | cost = 4200 €
length_scale of F1 is at upper bound
length_scale of F2 is at upper bound
next point: T=37.6 pH=5.43 F1=1.36 F2=1.95 F3=1.60 | acq=4.151e-02 | GP: mu=5.589 sigma=0.334
measurement: Y = 5.111 -> projected: Y = 3.413

iteration 9 - best Y = 5.774 (for 1 iterations) | cost = 4700 €
length_scale of F1 is at upper bound
length_scale of F3 is at upper bound
next point: T=34.5 pH=6.14 F1=1.83 F2=2.00 F3=1.82 | acq=7.338e-02 | GP: mu=5.257 sigma=0.684
measurement: Y = 0.220 -> projected: Y = 4.033

iteration 10 - best Y = 5.774 (for 2 iterations) | cost = 4710 €
length_scale of F1 is at upper bound
length_scale of F2 is at upper bound
next point: T=36.1 pH=5.34 F1=1.82 F2=1.17 F3=1.64 | acq=1.686e-01 | GP: mu=5.984 sigma=0.200
measurement: Y = 9.039 -> projected: Y = 6.037

iteration 11 - best Y = 6.037 (for 0 iterations) | cost = 5210 €
length_scale of F1 is at upper bound
length_scale of F2 is at upper bound
next point: T=36.3 pH=5.80 F1=1.87 F2=0.93 F3=1.72 | acq=8.492e-02 | GP: mu=6.037 sigma=0.289
measurement: Y = 8.703 -> projected: Y = 5.813

iteration 12 - best Y = 6.037 (for 1 iterations) | cost = 5710 €
length_scale of F1 is at upper bound
length_scale of F2 is at upper bound
next point: T=35.9 pH=5.31 F1=1.88 F2=1.18 F3=1.77 | acq=2.781e-02 | GP: mu=6.008 sigma=0.160
measurement: Y = 9.111 -> projected: Y = 6.085

iteration 13 - best Y = 6.085 (for 0 iterations) | cost = 6210 €
length_scale of F1 is at upper bound
length_scale of F2 is at upper bound
next point: T=35.8 pH=5.22 F1=1.84 F2=0.25 F3=1.99 | acq=1.985e-02 | GP: mu=5.713 sigma=0.359
measurement: Y = 10.783 -> projected: Y = 7.202

iteration 14 - best Y = 7.202 (for 0 iterations) | cost = 6710 €
length_scale of F1 is at upper bound
next point: T=35.6 pH=5.21 F1=1.17 F2=0.01 F3=1.92 | acq=8.707e-02 | GP: mu=7.020 sigma=0.457
measurement: Y = 8.512 -> projected: Y = 5.685

iteration 15 - best Y = 7.202 (for 1 iterations) | cost = 7210 €
next point: T=35.7 pH=4.93 F1=1.81 F2=0.18 F3=1.67 | acq=3.614e-02 | GP: mu=6.896 sigma=0.385
measurement: Y = 7.490 -> projected: Y = 5.003

iteration 16 - best Y = 7.202 (for 2 iterations) | cost = 7710 €
next point: T=35.7 pH=3.84 F1=1.87 F2=0.75 F3=1.99 | acq=8.005e-02 | GP: mu=6.931 sigma=0.505
measurement: Y = 4.491 -> projected: Y = 3.000

iteration 17 - best Y = 7.202 (for 3 iterations) | cost = 8210 €
next point: T=35.4 pH=5.62 F1=1.93 F2=0.36 F3=1.86 | acq=8.550e-03 | GP: mu=6.471 sigma=0.461
measurement: Y = 10.707 -> projected: Y = 7.151

iteration 18 - best Y = 7.202 (for 4 iterations) | cost = 8710 €
next point: T=36.5 pH=5.37 F1=1.76 F2=0.07 F3=1.91 | acq=2.335e-02 | GP: mu=6.736 sigma=0.424
measurement: Y = 11.255 -> projected: Y = 7.517

iteration 19 - best Y = 7.517 (for 0 iterations) | cost = 9210 €
next point: T=37.4 pH=5.69 F1=1.93 F2=0.11 F3=1.93 | acq=6.222e-02 | GP: mu=7.054 sigma=0.584
measurement: Y = 0.257 -> projected: Y = 4.706

iteration 20 - best Y = 7.517 (for 1 iterations) | cost = 9220 €
next point: T=31.4 pH=4.91 F1=0.45 F2=1.77 F3=1.66 | acq=1.200e-03 | GP: mu=3.948 sigma=1.315
  [rate-limited, sleeping 1.0s]
  [rate-limited, sleeping 2.5s]
  [rate-limited, sleeping 6.2s]
  [rate-limited, sleeping 15.6s]
  [rate-limited, sleeping 39.1s]
measurement: Y = 0.167 -> projected: Y = 3.048

iteration 21 - best Y = 7.517 (for 2 iterations) | cost = 9230 €
next point: T=35.8 pH=5.45 F1=1.75 F2=0.11 F3=1.83 | acq=1.418e-01 | GP: mu=7.653 sigma=0.209
measurement: Y = 12.153 -> projected: Y = 8.117

iteration 22 - best Y = 8.117 (for 0 iterations) | cost = 9730 €
length_scale of F3 is at upper bound
next point: T=35.5 pH=5.42 F1=1.95 F2=0.06 F3=1.26 | acq=6.390e-03 | GP: mu=7.223 sigma=0.503
measurement: Y = 10.515 -> projected: Y = 7.023

iteration 23 - best Y = 8.117 (for 1 iterations) | cost = 10230 €
length_scale of F3 is at upper bound
next point: T=35.7 pH=5.44 F1=1.73 F2=0.33 F3=2.00 | acq=6.142e-04 | GP: mu=7.905 sigma=0.112
measurement: Y = 11.723 -> projected: Y = 7.830

iteration 24 - best Y = 8.117 (for 2 iterations) | cost = 10730 €
length_scale of F3 is at upper bound
next point: T=36.1 pH=5.39 F1=1.76 F2=0.07 F3=1.96 | acq=1.274e-02 | GP: mu=8.113 sigma=0.064
measurement: Y = 6.822 -> projected: Y = 6.822

iteration 25 - best Y = 8.117 (for 3 iterations) | cost = 12730 €
length_scale of F1 is at upper bound
next point: T=35.9 pH=5.31 F1=1.85 F2=0.17 F3=1.66 | acq=7.857e-01 | GP: mu=8.911 sigma=0.521
measurement: Y = 10.907 -> projected: Y = 7.285

iteration 26 - best Y = 8.117 (for 4 iterations) | cost = 13230 €
next point: T=35.6 pH=5.92 F1=1.81 F2=0.19 F3=1.59 | acq=8.199e-02 | GP: mu=7.366 sigma=0.843
measurement: Y = 0.249 -> projected: Y = 4.563

iteration 27 - best Y = 8.117 (for 5 iterations) | cost = 13240 €
next point: T=35.6 pH=5.31 F1=1.95 F2=0.12 F3=2.00 | acq=1.958e-01 | GP: mu=8.147 sigma=0.477
measurement: Y = 11.821 -> projected: Y = 7.895

iteration 28 - best Y = 8.117 (for 6 iterations) | cost = 13740 €
next point: T=35.6 pH=5.57 F1=1.98 F2=0.93 F3=1.62 | acq=1.451e-02 | GP: mu=7.033 sigma=0.674
measurement: Y = 0.275 -> projected: Y = 5.030

iteration 29 - best Y = 8.117 (for 7 iterations) | cost = 13750 €
next point: T=36.5 pH=5.49 F1=1.37 F2=0.09 F3=1.44 | acq=3.151e-02 | GP: mu=6.706 sigma=0.977
measurement: Y = 0.231 -> projected: Y = 4.235

iteration 30 - best Y = 8.117 (for 8 iterations) | cost = 13760 €
next point: T=33.0 pH=5.50 F1=1.87 F2=0.42 F3=1.90 | acq=4.201e-01 | GP: mu=8.461 sigma=0.533
measurement: Y = 5.005 -> projected: Y = 3.343

iteration 31 - best Y = 8.117 (for 9 iterations) | cost = 14260 €
next point: T=35.3 pH=5.31 F1=1.73 F2=0.35 F3=1.61 | acq=6.072e-02 | GP: mu=7.070 sigma=0.937
measurement: Y = 0.253 -> projected: Y = 4.635

iteration 32 - best Y = 8.117 (for 10 iterations) | cost = 14270 €
next point: T=36.7 pH=5.36 F1=1.96 F2=0.22 F3=1.51 | acq=2.786e-02 | GP: mu=6.289 sigma=1.159
measurement: Y = 0.251 -> projected: Y = 4.589

iteration 33 - best Y = 8.117 (for 11 iterations) | cost = 14280 €
next point: T=35.3 pH=5.45 F1=1.82 F2=0.09 F3=1.78 | acq=6.783e-02 | GP: mu=7.701 sigma=0.546
measurement: Y = 11.101 -> projected: Y = 7.414

iteration 34 - best Y = 8.117 (for 12 iterations) | cost = 14780 €
next point: T=36.2 pH=5.20 F1=1.98 F2=0.14 F3=1.72 | acq=4.027e-02 | GP: mu=7.102 sigma=0.813
measurement: Y = 0.253 -> projected: Y = 4.633

iteration 35 - best Y = 8.117 (for 13 iterations) | cost = 14790 €
length_scale of T is at upper bound
length_scale of pH is at upper bound
length_scale of F1 is at upper bound
next point: T=31.5 pH=6.59 F1=1.32 F2=0.03 F3=2.00 | acq=1.632e-01 | GP: mu=7.550 sigma=0.964
measurement: Y = 0.209 -> projected: Y = 3.821

iteration 36 - best Y = 8.117 (for 14 iterations) | cost = 14800 €
length_scale of F2 is at upper bound
next point: T=35.3 pH=5.52 F1=1.74 F2=0.53 F3=1.92 | acq=1.352e-01 | GP: mu=7.705 sigma=0.752
measurement: Y = 0.290 -> projected: Y = 5.299

iteration 37 - best Y = 8.117 (for 15 iterations) | cost = 14810 €
next point: T=36.6 pH=5.09 F1=1.71 F2=0.23 F3=1.36 | acq=2.818e-02 | GP: mu=6.143 sigma=1.234
measurement: Y = 0.236 -> projected: Y = 4.318

iteration 38 - best Y = 8.117 (for 16 iterations) | cost = 14820 €
next point: T=35.6 pH=5.46 F1=1.81 F2=0.50 F3=1.56 | acq=7.870e-02 | GP: mu=7.695 sigma=0.586
measurement: Y = 0.276 -> projected: Y = 5.060

iteration 39 - best Y = 8.117 (for 17 iterations) | cost = 14830 €
next point: T=36.7 pH=5.44 F1=1.79 F2=0.15 F3=1.94 | acq=4.391e-02 | GP: mu=7.330 sigma=0.697
measurement: Y = 0.275 -> projected: Y = 5.031

iteration 40 - best Y = 8.117 (for 18 iterations) | cost = 14840 €
next point: T=36.4 pH=5.48 F1=1.78 F2=0.11 F3=1.58 | acq=1.597e-02 | GP: mu=6.811 sigma=0.793
measurement: Y = 0.258 -> projected: Y = 4.723

iteration 41 - best Y = 8.117 (for 19 iterations) | cost = 14850 €
length_scale of T is at upper bound
length_scale of F3 is at upper bound
next point: T=43.3 pH=5.13 F1=1.97 F2=0.12 F3=1.83 | acq=2.685e-01 | GP: mu=7.982 sigma=0.842
measurement: Y = 0.202 -> projected: Y = 3.701

iteration 42 - best Y = 8.117 (for 20 iterations) | cost = 14860 €
length_scale of F2 is at upper bound
next point: T=36.3 pH=5.88 F1=1.26 F2=0.64 F3=1.92 | acq=4.292e-02 | GP: mu=6.111 sigma=1.371
measurement: Y = 0.300 -> projected: Y = 5.485

iteration 43 - best Y = 8.117 (for 21 iterations) | cost = 14870 €
length_scale of F1 is at upper bound
next point: T=35.6 pH=5.56 F1=1.23 F2=0.21 F3=1.97 | acq=1.687e-01 | GP: mu=7.787 sigma=0.776
measurement: Y = 0.314 -> projected: Y = 5.747

iteration 44 - best Y = 8.117 (for 22 iterations) | cost = 14880 €
length_scale of F3 is at upper bound
next point: T=36.1 pH=4.92 F1=1.85 F2=0.12 F3=1.32 | acq=1.161e-01 | GP: mu=7.159 sigma=1.105
measurement: Y = 0.213 -> projected: Y = 3.907

iteration 45 - best Y = 8.117 (for 23 iterations) | cost = 14890 €
next point: T=36.4 pH=5.34 F1=1.47 F2=0.43 F3=1.99 | acq=2.024e-02 | GP: mu=5.814 sigma=1.308
measurement: Y = 0.304 -> projected: Y = 5.558

iteration 46 - best Y = 8.117 (for 24 iterations) | cost = 14900 €
next point: T=36.1 pH=5.45 F1=1.84 F2=0.60 F3=1.88 | acq=3.707e-01 | GP: mu=8.251 sigma=0.764
measurement: Y = 0.307 -> projected: Y = 5.615

iteration 47 - best Y = 8.117 (for 25 iterations) | cost = 14910 €
next point: T=35.1 pH=5.90 F1=1.94 F2=0.10 F3=1.59 | acq=1.268e-02 | GP: mu=5.398 sigma=1.384
measurement: Y = 0.217 -> projected: Y = 3.969

iteration 48 - best Y = 8.117 (for 26 iterations) | cost = 14920 €
length_scale of F2 is at upper bound
next point: T=35.7 pH=5.48 F1=1.99 F2=0.61 F3=1.94 | acq=2.645e-01 | GP: mu=8.143 sigma=0.643
measurement: Y = 0.346 -> projected: Y = 6.341

iteration 49 - best Y = 8.117 (for 27 iterations) | cost = 14930 €
next point: T=35.2 pH=5.55 F1=1.63 F2=0.13 F3=1.83 | acq=1.850e-01 | GP: mu=7.885 sigma=0.727
measurement: Y = 0.252 -> projected: Y = 4.616

iteration 50 - best Y = 8.117 (for 28 iterations) | cost = 14940 €
length_scale of F2 is at upper bound
next point: T=35.6 pH=5.25 F1=1.94 F2=0.96 F3=2.00 | acq=2.646e-02 | GP: mu=7.305 sigma=0.618
  [rate-limited, sleeping 1.0s]
  [rate-limited, sleeping 2.5s]
  [rate-limited, sleeping 6.2s]
  [rate-limited, sleeping 15.6s]
measurement: Y = 0.324 -> projected: Y = 5.924

iteration 51 - best Y = 8.117 (for 29 iterations) | cost = 14950 €
next point: T=35.4 pH=5.14 F1=1.87 F2=0.18 F3=1.99 | acq=9.512e-02 | GP: mu=7.135 sigma=1.042
measurement: Y = 0.310 -> projected: Y = 5.681

iteration 52 - best Y = 8.117 (for 30 iterations) | cost = 14960 €
next point: T=35.6 pH=5.25 F1=1.87 F2=0.15 F3=1.53 | acq=2.598e-02 | GP: mu=7.235 sigma=0.654

Best point on pilot scale: T=35.8 pH=5.45 F1=1.75 F2=0.11 F3=1.83 | Y = 6.553 | cost = 14960
