Command:
C:\Users\Asus\sciebo - Johanning, Philipp (philipp.johanning@tu-dortmund.de)@tu-dortmund.sciebo.de2\Master\Semester 1\MLME\GitHub Clone Projekt\Mandatory-tasks\.venv\Scripts\python.exe C:\Users\Asus\sciebo - Johanning, Philipp (philipp.johanning@tu-dortmund.de)@tu-dortmund.sciebo.de2\Master\Semester 1\MLME\GitHub Clone Projekt\Mandatory-tasks\Task03\Task03_main.py --acq pi --init-method lhc --run-id 7 --patience 30 --init-samples 20 --budget 1000000.0

running experiment [micro, 59.960449048180706, 8.531183317876138, 1.1311665217715359, 0.514229506345375, 0.2981020015951771]
running experiment [micro, 42.11502381558245, 3.038022205297987, 1.5475582105734695, 1.9198145370453337, 1.692072993143963]
running experiment [micro, 45.81695388319615, 3.435550232163076, 0.6161827670644846, 1.2847691608806764, 0.4699867826549851]
running experiment [micro, 34.92506870074223, 4.436557980123953, 1.4513886676444465, 0.22701493662027955, 1.2479449210090499]
running experiment [micro, 53.35638557283203, 5.408741077599682, 0.2931852210853465, 0.08745562103509381, 0.5353433750192096]
running experiment [micro, 41.137259846108236, 6.49333656703217, 0.167387009422275, 1.8651612637305583, 1.5124047321607041]
running experiment [micro, 37.9164778922462, 8.422656699324087, 0.5785565101554744, 0.1934270625458651, 1.8885600723967149]
running experiment [micro, 49.57286039499136, 6.153847722436534, 0.983242302151937, 1.0429718064998288, 1.1674543040135659]
running experiment [micro, 21.446749098451157, 7.449151617144432, 1.7047369601679965, 0.6583719007158243, 1.0153591776983337]
running experiment [micro, 38.68845664336301, 4.083362021536783, 1.6864020672176145, 1.600499378445047, 0.9723884698608891]
running experiment [micro, 24.38171988553788, 9.42851180563083, 0.012479165176674478, 1.387475526519677, 0.3289207662339099]
running experiment [micro, 57.00094683677849, 6.663916292061117, 0.4489834274171014, 0.9722506377020214, 1.398434501429747]
running experiment [micro, 23.256206052610512, 5.899835415423622, 0.8249920521807257, 1.5134783376419736, 1.7593196994267668]
running experiment [micro, 33.42987561535868, 6.9377942594046065, 0.7426946865146398, 0.8172606090068889, 1.4591690377297586]
running experiment [micro, 30.64443455937993, 7.936872195161705, 1.3683891635418064, 0.4765018344161282, 0.06427488436120476]
running experiment [micro, 28.839601309181447, 5.1283817898573405, 0.36141028453710267, 0.709981966672789, 0.16140024426904037]
running experiment [micro, 26.12012207433898, 9.129397709079413, 1.271175821470703, 1.1543125009961055, 0.899630202675852]
running experiment [micro, 51.053159546349875, 7.858808298905428, 1.8090537725996225, 1.7287369401307786, 0.72827123666108]
running experiment [micro, 55.69299308996328, 3.777973651070697, 1.0244218913444043, 0.3289834596020579, 1.9319357539433129]
running experiment [micro, 46.9129295949119, 4.72930182924381, 1.962037131410487, 1.4431045079364926, 0.6530114660055415]
  [rate-limited, sleeping 1.0s]
  [rate-limited, sleeping 2.5s]
  [rate-limited, sleeping 6.2s]
  [rate-limited, sleeping 15.6s]
  [rate-limited, sleeping 39.1s]

iteration 0 - best Y = 3.964 (for 0 iterations) | cost = 200 €
length_scale of T is at upper bound
length_scale of pH is at upper bound
next point: T=21.3 pH=8.36 F1=0.71 F2=1.30 F3=1.11 | acq=0.000e+00 | GP: mu=2.825 sigma=0.293
measurement: Y = 3.553 -> projected: Y = 2.373

iteration 1 - best Y = 3.964 (for 1 iterations) | cost = 700 €
length_scale of T is at upper bound
length_scale of F1 is at upper bound
next point: T=46.2 pH=4.08 F1=0.70 F2=0.47 F3=0.20 | acq=0.000e+00 | GP: mu=2.077 sigma=0.278
measurement: Y = 2.983 -> projected: Y = 1.992

iteration 2 - best Y = 3.964 (for 2 iterations) | cost = 1200 €
length_scale of T is at upper bound
length_scale of pH is at upper bound
length_scale of F1 is at upper bound
next point: T=38.9 pH=7.60 F1=0.93 F2=0.47 F3=0.45 | acq=0.000e+00 | GP: mu=2.273 sigma=0.216
measurement: Y = 3.386 -> projected: Y = 2.261

iteration 3 - best Y = 3.964 (for 3 iterations) | cost = 1700 €
length_scale of T is at upper bound
length_scale of pH is at upper bound
length_scale of F1 is at upper bound
length_scale of F2 is at upper bound
next point: T=37.6 pH=5.89 F1=1.74 F2=1.16 F3=1.18 | acq=0.000e+00 | GP: mu=2.930 sigma=0.202
measurement: Y = 4.486 -> projected: Y = 2.996

iteration 4 - best Y = 3.964 (for 4 iterations) | cost = 2200 €
length_scale of T is at upper bound
length_scale of pH is at upper bound
length_scale of F1 is at upper bound
length_scale of F2 is at upper bound
next point: T=53.5 pH=6.72 F1=1.21 F2=1.39 F3=1.81 | acq=0.000e+00 | GP: mu=3.521 sigma=0.286
measurement: Y = 4.237 -> projected: Y = 2.830

iteration 5 - best Y = 3.964 (for 5 iterations) | cost = 2700 €
length_scale of T is at upper bound
length_scale of F1 is at upper bound
next point: T=26.1 pH=9.36 F1=0.15 F2=0.92 F3=0.15 | acq=0.000e+00 | GP: mu=2.556 sigma=0.297
measurement: Y = 2.676 -> projected: Y = 1.787

iteration 6 - best Y = 3.964 (for 6 iterations) | cost = 3200 €
length_scale of T is at upper bound
length_scale of pH is at upper bound
next point: T=53.1 pH=3.31 F1=0.06 F2=0.32 F3=0.60 | acq=0.000e+00 | GP: mu=2.300 sigma=0.317
measurement: Y = 2.610 -> projected: Y = 1.743

iteration 7 - best Y = 3.964 (for 7 iterations) | cost = 3700 €
length_scale of T is at upper bound
length_scale of pH is at upper bound
next point: T=29.4 pH=5.89 F1=0.47 F2=1.79 F3=1.85 | acq=0.000e+00 | GP: mu=2.711 sigma=0.329
measurement: Y = 4.161 -> projected: Y = 2.779

iteration 8 - best Y = 3.964 (for 8 iterations) | cost = 4200 €
length_scale of T is at upper bound
length_scale of pH is at upper bound
next point: T=25.8 pH=5.02 F1=1.86 F2=1.42 F3=0.63 | acq=0.000e+00 | GP: mu=2.415 sigma=0.328
measurement: Y = 3.322 -> projected: Y = 2.219

iteration 9 - best Y = 3.964 (for 9 iterations) | cost = 4700 €
length_scale of T is at upper bound
length_scale of pH is at upper bound
next point: T=21.8 pH=4.51 F1=1.91 F2=1.48 F3=1.36 | acq=0.000e+00 | GP: mu=3.001 sigma=0.309
measurement: Y = 3.756 -> projected: Y = 2.508

iteration 10 - best Y = 3.964 (for 10 iterations) | cost = 5200 €
length_scale of T is at upper bound
length_scale of pH is at upper bound
next point: T=44.3 pH=3.05 F1=0.53 F2=1.41 F3=1.55 | acq=0.000e+00 | GP: mu=2.782 sigma=0.354
measurement: Y = 3.841 -> projected: Y = 2.565

iteration 11 - best Y = 3.964 (for 11 iterations) | cost = 5700 €
length_scale of T is at upper bound
length_scale of pH is at upper bound
next point: T=31.7 pH=9.17 F1=1.79 F2=1.50 F3=0.69 | acq=0.000e+00 | GP: mu=2.452 sigma=0.281
measurement: Y = 3.314 -> projected: Y = 2.213

iteration 12 - best Y = 3.964 (for 12 iterations) | cost = 6200 €
length_scale of T is at upper bound
length_scale of pH is at upper bound
next point: T=42.1 pH=6.86 F1=0.81 F2=1.63 F3=1.39 | acq=0.000e+00 | GP: mu=2.518 sigma=0.248
measurement: Y = 3.689 -> projected: Y = 2.464

iteration 13 - best Y = 3.964 (for 13 iterations) | cost = 6700 €
length_scale of T is at upper bound
length_scale of pH is at upper bound
next point: T=27.3 pH=7.46 F1=0.48 F2=1.87 F3=1.54 | acq=0.000e+00 | GP: mu=2.567 sigma=0.205
measurement: Y = 3.860 -> projected: Y = 2.578

iteration 14 - best Y = 3.964 (for 14 iterations) | cost = 7200 €
length_scale of T is at upper bound
length_scale of pH is at upper bound
next point: T=48.6 pH=9.13 F1=1.34 F2=0.54 F3=1.92 | acq=0.000e+00 | GP: mu=3.494 sigma=0.383
measurement: Y = 4.393 -> projected: Y = 2.934

iteration 15 - best Y = 3.964 (for 15 iterations) | cost = 7700 €
length_scale of T is at upper bound
length_scale of pH is at upper bound
next point: T=28.0 pH=6.84 F1=1.51 F2=0.36 F3=1.06 | acq=0.000e+00 | GP: mu=2.760 sigma=0.274
measurement: Y = 3.587 -> projected: Y = 2.396

iteration 16 - best Y = 3.964 (for 16 iterations) | cost = 8200 €
length_scale of T is at upper bound
length_scale of pH is at upper bound
next point: T=49.2 pH=7.50 F1=1.27 F2=1.86 F3=1.32 | acq=0.000e+00 | GP: mu=2.775 sigma=0.252
measurement: Y = 3.755 -> projected: Y = 2.508

iteration 17 - best Y = 3.964 (for 17 iterations) | cost = 8700 €
length_scale of T is at upper bound
length_scale of pH is at upper bound
length_scale of F1 is at upper bound
next point: T=26.8 pH=5.16 F1=0.09 F2=1.32 F3=1.65 | acq=0.000e+00 | GP: mu=2.655 sigma=0.243
measurement: Y = 3.611 -> projected: Y = 2.412

iteration 18 - best Y = 3.964 (for 18 iterations) | cost = 9200 €
length_scale of T is at upper bound
length_scale of pH is at upper bound
next point: T=35.3 pH=8.90 F1=0.77 F2=1.29 F3=0.57 | acq=0.000e+00 | GP: mu=2.305 sigma=0.220
measurement: Y = 6.257 -> projected: Y = 4.179

iteration 19 - best Y = 4.179 (for 0 iterations) | cost = 9700 €
length_scale of T is at upper bound
next point: T=37.0 pH=9.43 F1=0.68 F2=1.30 F3=0.56 | acq=2.023e-02 | GP: mu=4.199 sigma=0.106
measurement: Y = 3.367 -> projected: Y = 2.248

iteration 20 - best Y = 4.179 (for 1 iterations) | cost = 10200 €
length_scale of T is at upper bound
length_scale of F2 is at upper bound
length_scale of F3 is at upper bound
next point: T=26.2 pH=4.68 F1=1.71 F2=0.01 F3=1.41 | acq=0.000e+00 | GP: mu=2.614 sigma=0.528
measurement: Y = 3.903 -> projected: Y = 2.607

iteration 21 - best Y = 4.179 (for 2 iterations) | cost = 10700 €
length_scale of T is at upper bound
length_scale of F2 is at upper bound
length_scale of F3 is at upper bound
next point: T=37.0 pH=7.95 F1=1.16 F2=0.85 F3=0.51 | acq=0.000e+00 | GP: mu=2.389 sigma=0.392
measurement: Y = 13.916 -> projected: Y = 9.294

iteration 22 - best Y = 9.294 (for 0 iterations) | cost = 11200 €
length_scale of T is at upper bound
length_scale of pH is at upper bound
length_scale of F2 is at upper bound
length_scale of F3 is at upper bound
next point: T=53.8 pH=5.57 F1=0.44 F2=1.67 F3=1.25 | acq=0.000e+00 | GP: mu=2.968 sigma=0.842
measurement: Y = 0.140 -> projected: Y = 2.556

iteration 23 - best Y = 9.294 (for 1 iterations) | cost = 11210 €
length_scale of T is at upper bound
length_scale of F1 is at upper bound
next point: T=44.2 pH=8.32 F1=0.80 F2=0.21 F3=1.54 | acq=0.000e+00 | GP: mu=3.433 sigma=0.665
measurement: Y = 0.151 -> projected: Y = 2.759

iteration 24 - best Y = 9.294 (for 2 iterations) | cost = 11220 €
next point: T=30.3 pH=6.82 F1=0.47 F2=1.59 F3=1.72 | acq=0.000e+00 | GP: mu=2.804 sigma=1.148
measurement: Y = 0.166 -> projected: Y = 3.032

iteration 25 - best Y = 9.294 (for 3 iterations) | cost = 11230 €
next point: T=23.8 pH=5.44 F1=0.46 F2=0.94 F3=0.14 | acq=0.000e+00 | GP: mu=2.810 sigma=1.136
measurement: Y = 0.109 -> projected: Y = 1.987

iteration 26 - best Y = 9.294 (for 4 iterations) | cost = 11240 €
length_scale of T is at upper bound
length_scale of F1 is at upper bound
next point: T=29.4 pH=6.85 F1=1.31 F2=0.54 F3=0.58 | acq=0.000e+00 | GP: mu=2.656 sigma=1.032
measurement: Y = 0.105 -> projected: Y = 1.924

iteration 27 - best Y = 9.294 (for 5 iterations) | cost = 11250 €
length_scale of pH is at upper bound
length_scale of F2 is at upper bound
length_scale of F3 is at upper bound
next point: T=58.3 pH=4.23 F1=1.30 F2=0.44 F3=0.95 | acq=0.000e+00 | GP: mu=2.635 sigma=1.097
measurement: Y = 0.175 -> projected: Y = 3.212

iteration 28 - best Y = 9.294 (for 6 iterations) | cost = 11260 €
length_scale of F1 is at upper bound
length_scale of F2 is at upper bound
length_scale of F3 is at upper bound
next point: T=23.5 pH=5.58 F1=0.55 F2=1.55 F3=0.26 | acq=0.000e+00 | GP: mu=2.414 sigma=0.980
measurement: Y = 0.109 -> projected: Y = 2.004

iteration 29 - best Y = 9.294 (for 7 iterations) | cost = 11270 €
length_scale of F1 is at upper bound
length_scale of F2 is at upper bound
length_scale of F3 is at upper bound
next point: T=28.5 pH=8.62 F1=0.84 F2=0.69 F3=1.99 | acq=0.000e+00 | GP: mu=2.767 sigma=1.121
  [rate-limited, sleeping 1.0s]
  [rate-limited, sleeping 2.5s]
  [rate-limited, sleeping 6.2s]
  [rate-limited, sleeping 15.6s]
  [rate-limited, sleeping 39.1s]
measurement: Y = 0.260 -> projected: Y = 4.759

iteration 30 - best Y = 9.294 (for 8 iterations) | cost = 11280 €
length_scale of F1 is at upper bound
length_scale of F2 is at upper bound
length_scale of F3 is at upper bound
next point: T=57.5 pH=7.03 F1=0.90 F2=1.85 F3=0.47 | acq=0.000e+00 | GP: mu=2.814 sigma=1.139
measurement: Y = 0.137 -> projected: Y = 2.502

iteration 31 - best Y = 9.294 (for 9 iterations) | cost = 11290 €
length_scale of F1 is at upper bound
length_scale of F2 is at upper bound
next point: T=33.5 pH=4.09 F1=0.31 F2=1.12 F3=0.28 | acq=0.000e+00 | GP: mu=2.815 sigma=1.118
measurement: Y = 0.077 -> projected: Y = 1.409

iteration 32 - best Y = 9.294 (for 10 iterations) | cost = 11300 €
length_scale of F1 is at upper bound
length_scale of F2 is at upper bound
next point: T=57.4 pH=8.02 F1=0.19 F2=1.67 F3=1.21 | acq=0.000e+00 | GP: mu=2.713 sigma=1.105
measurement: Y = 0.079 -> projected: Y = 1.442

iteration 33 - best Y = 9.294 (for 11 iterations) | cost = 11310 €
length_scale of F1 is at upper bound
length_scale of F2 is at upper bound
length_scale of F3 is at upper bound
next point: T=55.3 pH=4.13 F1=0.89 F2=0.23 F3=1.21 | acq=0.000e+00 | GP: mu=2.925 sigma=1.097
measurement: Y = 0.179 -> projected: Y = 3.274

iteration 34 - best Y = 9.294 (for 12 iterations) | cost = 11320 €
length_scale of F1 is at upper bound
length_scale of F2 is at upper bound
next point: T=43.4 pH=8.44 F1=0.79 F2=1.60 F3=0.79 | acq=0.000e+00 | GP: mu=2.758 sigma=1.045
measurement: Y = 0.142 -> projected: Y = 2.591

iteration 35 - best Y = 9.294 (for 13 iterations) | cost = 11330 €
length_scale of F1 is at upper bound
length_scale of F2 is at upper bound
length_scale of F3 is at upper bound
next point: T=53.0 pH=4.58 F1=0.76 F2=0.50 F3=0.00 | acq=0.000e+00 | GP: mu=2.754 sigma=1.121
measurement: Y = 0.097 -> projected: Y = 1.782

iteration 36 - best Y = 9.294 (for 14 iterations) | cost = 11340 €
length_scale of T is at upper bound
length_scale of F1 is at upper bound
length_scale of F3 is at upper bound
next point: T=32.7 pH=5.43 F1=1.61 F2=0.53 F3=1.80 | acq=0.000e+00 | GP: mu=2.490 sigma=1.188
measurement: Y = 0.218 -> projected: Y = 3.992

iteration 37 - best Y = 9.294 (for 15 iterations) | cost = 11350 €
length_scale of T is at upper bound
length_scale of F1 is at upper bound
next point: T=34.8 pH=6.27 F1=0.22 F2=0.19 F3=0.41 | acq=0.000e+00 | GP: mu=2.679 sigma=1.157
measurement: Y = 0.127 -> projected: Y = 2.327

iteration 38 - best Y = 9.294 (for 16 iterations) | cost = 11360 €
length_scale of T is at upper bound
length_scale of F1 is at upper bound
next point: T=50.3 pH=9.20 F1=1.31 F2=1.58 F3=1.10 | acq=0.000e+00 | GP: mu=2.297 sigma=0.813
measurement: Y = 0.167 -> projected: Y = 3.055

iteration 39 - best Y = 9.294 (for 17 iterations) | cost = 11370 €
length_scale of T is at upper bound
length_scale of F3 is at upper bound
next point: T=52.0 pH=9.26 F1=1.62 F2=1.40 F3=1.79 | acq=0.000e+00 | GP: mu=2.612 sigma=0.862
measurement: Y = 0.165 -> projected: Y = 3.027

iteration 40 - best Y = 9.294 (for 18 iterations) | cost = 11380 €
length_scale of T is at upper bound
length_scale of F3 is at upper bound
next point: T=23.1 pH=8.37 F1=1.64 F2=0.05 F3=1.31 | acq=0.000e+00 | GP: mu=3.010 sigma=1.049
measurement: Y = 0.171 -> projected: Y = 3.135

iteration 41 - best Y = 9.294 (for 19 iterations) | cost = 11390 €
length_scale of T is at upper bound
length_scale of F3 is at upper bound
next point: T=39.8 pH=8.00 F1=1.00 F2=0.86 F3=0.44 | acq=1.275e-02 | GP: mu=9.307 sigma=0.190
measurement: Y = 3.179 -> projected: Y = 2.123

iteration 42 - best Y = 9.294 (for 20 iterations) | cost = 11890 €
next point: T=56.6 pH=6.88 F1=1.76 F2=0.63 F3=1.02 | acq=0.000e+00 | GP: mu=2.758 sigma=1.068
measurement: Y = 0.172 -> projected: Y = 3.148

iteration 43 - best Y = 9.294 (for 21 iterations) | cost = 11900 €
length_scale of T is at upper bound
length_scale of pH is at upper bound
length_scale of F1 is at upper bound
length_scale of F3 is at upper bound
next point: T=32.2 pH=9.10 F1=0.45 F2=1.13 F3=0.91 | acq=0.000e+00 | GP: mu=2.764 sigma=1.060
measurement: Y = 0.142 -> projected: Y = 2.598

iteration 44 - best Y = 9.294 (for 22 iterations) | cost = 11910 €
next point: T=35.5 pH=6.95 F1=0.26 F2=1.10 F3=0.53 | acq=0.000e+00 | GP: mu=2.761 sigma=1.053
measurement: Y = 0.166 -> projected: Y = 3.031

iteration 45 - best Y = 9.294 (for 23 iterations) | cost = 11920 €
length_scale of T is at upper bound
length_scale of pH is at upper bound
length_scale of F1 is at upper bound
length_scale of F3 is at upper bound
next point: T=26.0 pH=7.33 F1=0.68 F2=1.52 F3=1.35 | acq=0.000e+00 | GP: mu=2.782 sigma=1.043
measurement: Y = 0.161 -> projected: Y = 2.938

iteration 46 - best Y = 9.294 (for 24 iterations) | cost = 11930 €
next point: T=56.5 pH=3.36 F1=1.76 F2=1.24 F3=1.40 | acq=0.000e+00 | GP: mu=2.768 sigma=1.038
measurement: Y = 0.188 -> projected: Y = 3.433

iteration 47 - best Y = 9.294 (for 25 iterations) | cost = 11940 €
next point: T=31.2 pH=8.77 F1=0.04 F2=1.50 F3=1.53 | acq=0.000e+00 | GP: mu=2.778 sigma=1.033
measurement: Y = 0.131 -> projected: Y = 2.396

iteration 48 - best Y = 9.294 (for 26 iterations) | cost = 11950 €
length_scale of F3 is at upper bound
next point: T=49.8 pH=3.53 F1=1.36 F2=1.65 F3=0.47 | acq=0.000e+00 | GP: mu=2.772 sigma=1.027
measurement: Y = 0.122 -> projected: Y = 2.238

iteration 49 - best Y = 9.294 (for 27 iterations) | cost = 11960 €
length_scale of pH is at upper bound
length_scale of F2 is at upper bound
length_scale of F3 is at upper bound
next point: T=30.9 pH=4.95 F1=0.91 F2=1.65 F3=1.51 | acq=0.000e+00 | GP: mu=3.052 sigma=0.930
measurement: Y = 0.162 -> projected: Y = 2.964

iteration 50 - best Y = 9.294 (for 28 iterations) | cost = 11970 €
next point: T=53.3 pH=7.29 F1=0.82 F2=1.84 F3=0.37 | acq=0.000e+00 | GP: mu=2.767 sigma=1.015
measurement: Y = 0.117 -> projected: Y = 2.144

iteration 51 - best Y = 9.294 (for 29 iterations) | cost = 11980 €
length_scale of pH is at upper bound
length_scale of F2 is at upper bound
length_scale of F3 is at upper bound
next point: T=38.5 pH=6.92 F1=1.25 F2=0.88 F3=1.44 | acq=0.000e+00 | GP: mu=4.769 sigma=0.847
measurement: Y = 0.154 -> projected: Y = 2.811

iteration 52 - best Y = 9.294 (for 30 iterations) | cost = 11990 €
length_scale of pH is at upper bound
length_scale of F2 is at upper bound
length_scale of F3 is at upper bound
next point: T=24.1 pH=3.22 F1=1.89 F2=0.09 F3=0.11 | acq=0.000e+00 | GP: mu=2.522 sigma=0.857

Best point on pilot scale: T=37.0 pH=7.95 F1=1.16 F2=0.85 F3=0.51 | Y = 7.395 | cost = 11990
