Command:
C:\Users\Asus\sciebo - Johanning, Philipp (philipp.johanning@tu-dortmund.de)@tu-dortmund.sciebo.de2\Master\Semester 1\MLME\GitHub Clone Projekt\Mandatory-tasks\.venv\Scripts\python.exe C:\Users\Asus\sciebo - Johanning, Philipp (philipp.johanning@tu-dortmund.de)@tu-dortmund.sciebo.de2\Master\Semester 1\MLME\GitHub Clone Projekt\Mandatory-tasks\Task03\Task03_main.py --acq pi --init-method lhc --run-id 9 --patience 30 --init-samples 20 --budget 1000000.0

running experiment [micro, 52.59118489998163, 3.844141891859744, 0.08721199246183337, 0.6836827684899448, 1.7917881774967293]
running experiment [micro, 27.799375402604028, 7.617685465411778, 1.8654954290310173, 1.282876932471114, 0.5064087962782116]
running experiment [micro, 40.7667495975609, 5.847652495820062, 1.6519149153876682, 0.8388798524499211, 0.4503723706525232]
running experiment [micro, 31.161586209330324, 6.233292390447264, 1.1525773855737185, 0.9613888359176711, 0.2572978767607111]
running experiment [micro, 50.917555326259105, 5.592663936540966, 1.2093252898523137, 0.4329913722188756, 1.5295495531746743]
running experiment [micro, 23.344343042560368, 3.5837304239201018, 1.463016321984869, 0.15638753687910123, 1.6875119157042555]
running experiment [micro, 47.452161304948646, 9.077251537323058, 0.4993794591068627, 0.310492310136602, 1.0825238675381184]
running experiment [micro, 29.441306025700065, 9.425088245259374, 1.9486371866189365, 1.074513121836089, 0.09306234834879523]
running experiment [micro, 44.09312676871228, 7.966259216175051, 0.5623270642442908, 0.0021352639357490543, 0.9906964666309521]
  [rate-limited, sleeping 1.0s]
running experiment [micro, 43.78717659493386, 4.030355130382434, 1.7724490078749455, 1.9887922531214606, 1.9595373006945604]
  [rate-limited, sleeping 1.0s]
  [rate-limited, sleeping 2.5s]
  [rate-limited, sleeping 6.2s]
running experiment [micro, 48.058961626547074, 4.733741616483668, 1.398977739801592, 1.80834936054837, 1.2636440256586423]
running experiment [micro, 59.4085229241862, 4.983322823917364, 1.5784455157709467, 1.4777118589612253, 1.3745059624338678]
running experiment [micro, 56.63128138877851, 3.1092803151432196, 0.6701140978085043, 1.5696044010901686, 1.8285616653158505]
  [rate-limited, sleeping 1.0s]
  [rate-limited, sleeping 2.5s]
running experiment [micro, 21.60161193562942, 8.476280036796105, 0.733430532779816, 1.7139808364561926, 0.7982693459774549]
running experiment [micro, 33.400471787479745, 7.308738486783371, 0.9513025409857547, 0.5530144238085198, 0.3804121399144603]
  [rate-limited, sleeping 1.0s]
  [rate-limited, sleeping 2.5s]
running experiment [micro, 35.32761305077921, 6.585514011907746, 0.8297327671257442, 1.1463349331322203, 1.1156344852241795]
  [rate-limited, sleeping 1.0s]
running experiment [micro, 37.29308385526873, 6.341049235353708, 0.1901582421202171, 1.3515491512872875, 1.455671653106921]
  [rate-limited, sleeping 1.0s]
  [rate-limited, sleeping 2.5s]
running experiment [micro, 55.2419642870705, 8.577771366869664, 0.27632554312416735, 0.2854550640188187, 0.12290208493558877]
  [rate-limited, sleeping 1.0s]
running experiment [micro, 38.16187102059791, 7.1769963816074505, 0.38939462195720853, 1.6054487162629645, 0.8185517554319268]
  [rate-limited, sleeping 1.0s]
  [rate-limited, sleeping 2.5s]
running experiment [micro, 25.23796359341313, 4.36103491179729, 1.0580647148950584, 0.7154878016140123, 0.6839476400323369]
  [rate-limited, sleeping 1.0s]

iteration 0 - best Y = 3.532 (for 0 iterations) | cost = 200 €
length_scale of T is at upper bound
length_scale of F1 is at upper bound
length_scale of F2 is at upper bound
next point: T=51.0 pH=3.22 F1=1.59 F2=0.60 F3=1.17 | acq=0.000e+00 | GP: mu=3.066 sigma=0.214
  [rate-limited, sleeping 1.0s]
measurement: Y = 3.634 -> projected: Y = 2.427

iteration 1 - best Y = 3.532 (for 1 iterations) | cost = 700 €
length_scale of pH is at upper bound
length_scale of F1 is at upper bound
next point: T=22.6 pH=3.98 F1=1.84 F2=1.16 F3=0.36 | acq=0.000e+00 | GP: mu=2.760 sigma=0.270
  [rate-limited, sleeping 1.0s]
measurement: Y = 3.083 -> projected: Y = 2.059

iteration 2 - best Y = 3.532 (for 2 iterations) | cost = 1200 €
length_scale of F3 is at upper bound
next point: T=44.9 pH=5.42 F1=0.86 F2=1.61 F3=1.25 | acq=0.000e+00 | GP: mu=3.036 sigma=0.266
  [rate-limited, sleeping 1.0s]
  [rate-limited, sleeping 2.5s]
measurement: Y = 3.752 -> projected: Y = 2.506

iteration 3 - best Y = 3.532 (for 3 iterations) | cost = 1700 €
length_scale of pH is at upper bound
length_scale of F1 is at upper bound
length_scale of F3 is at upper bound
next point: T=49.9 pH=6.06 F1=1.42 F2=1.88 F3=0.44 | acq=0.000e+00 | GP: mu=2.976 sigma=0.320
  [rate-limited, sleeping 1.0s]
  [rate-limited, sleeping 2.5s]
  [rate-limited, sleeping 6.2s]
  [rate-limited, sleeping 15.6s]
  [rate-limited, sleeping 39.1s]
measurement: Y = 3.170 -> projected: Y = 2.117

iteration 4 - best Y = 3.532 (for 4 iterations) | cost = 2200 €
length_scale of F1 is at upper bound
length_scale of F3 is at upper bound
next point: T=28.6 pH=6.12 F1=0.55 F2=0.73 F3=1.51 | acq=0.000e+00 | GP: mu=2.726 sigma=0.374
measurement: Y = 3.827 -> projected: Y = 2.556

iteration 5 - best Y = 3.532 (for 5 iterations) | cost = 2700 €
length_scale of T is at upper bound
next point: T=35.9 pH=9.41 F1=0.86 F2=0.81 F3=0.50 | acq=0.000e+00 | GP: mu=2.849 sigma=0.342
measurement: Y = 3.485 -> projected: Y = 2.327

iteration 6 - best Y = 3.532 (for 6 iterations) | cost = 3200 €
length_scale of F1 is at upper bound
length_scale of F3 is at upper bound
next point: T=51.3 pH=3.49 F1=1.63 F2=1.39 F3=0.33 | acq=0.000e+00 | GP: mu=2.845 sigma=0.373
measurement: Y = 3.015 -> projected: Y = 2.014

iteration 7 - best Y = 3.532 (for 7 iterations) | cost = 3700 €
length_scale of T is at upper bound
length_scale of pH is at upper bound
next point: T=43.6 pH=9.38 F1=1.83 F2=1.34 F3=0.20 | acq=0.000e+00 | GP: mu=2.573 sigma=0.335
measurement: Y = 2.991 -> projected: Y = 1.997

iteration 8 - best Y = 3.532 (for 8 iterations) | cost = 4200 €
length_scale of pH is at upper bound
length_scale of F1 is at upper bound
next point: T=46.7 pH=6.35 F1=1.02 F2=1.54 F3=0.78 | acq=0.000e+00 | GP: mu=2.098 sigma=0.193
measurement: Y = 3.249 -> projected: Y = 2.170

iteration 9 - best Y = 3.532 (for 9 iterations) | cost = 4700 €
length_scale of pH is at upper bound
length_scale of F1 is at upper bound
next point: T=21.0 pH=5.07 F1=1.43 F2=0.62 F3=1.97 | acq=0.000e+00 | GP: mu=2.940 sigma=0.340
measurement: Y = 4.523 -> projected: Y = 3.021

iteration 10 - best Y = 3.532 (for 10 iterations) | cost = 5200 €
length_scale of pH is at upper bound
length_scale of F1 is at upper bound
next point: T=29.6 pH=4.94 F1=1.20 F2=1.87 F3=1.37 | acq=0.000e+00 | GP: mu=2.686 sigma=0.332
measurement: Y = 3.880 -> projected: Y = 2.592

iteration 11 - best Y = 3.532 (for 11 iterations) | cost = 5700 €
length_scale of pH is at upper bound
length_scale of F1 is at upper bound
next point: T=34.9 pH=9.33 F1=1.60 F2=1.65 F3=1.57 | acq=0.000e+00 | GP: mu=2.795 sigma=0.320
measurement: Y = 4.486 -> projected: Y = 2.996

iteration 12 - best Y = 3.532 (for 12 iterations) | cost = 6200 €
length_scale of pH is at upper bound
length_scale of F1 is at upper bound
next point: T=23.6 pH=8.75 F1=0.65 F2=0.78 F3=1.66 | acq=0.000e+00 | GP: mu=2.687 sigma=0.255
measurement: Y = 3.998 -> projected: Y = 2.670

iteration 13 - best Y = 3.532 (for 13 iterations) | cost = 6700 €
length_scale of T is at upper bound
length_scale of pH is at upper bound
next point: T=53.6 pH=5.95 F1=1.60 F2=1.48 F3=0.05 | acq=0.000e+00 | GP: mu=2.037 sigma=0.125
measurement: Y = 2.899 -> projected: Y = 1.936

iteration 14 - best Y = 3.532 (for 14 iterations) | cost = 7200 €
length_scale of T is at upper bound
length_scale of pH is at upper bound
next point: T=58.3 pH=5.84 F1=0.94 F2=1.23 F3=1.73 | acq=0.000e+00 | GP: mu=2.899 sigma=0.234
measurement: Y = 4.206 -> projected: Y = 2.809

iteration 15 - best Y = 3.532 (for 15 iterations) | cost = 7700 €
length_scale of T is at upper bound
length_scale of pH is at upper bound
next point: T=48.8 pH=5.16 F1=0.98 F2=0.87 F3=1.65 | acq=0.000e+00 | GP: mu=2.683 sigma=0.075
measurement: Y = 1.720 -> projected: Y = 1.720

iteration 16 - best Y = 3.532 (for 16 iterations) | cost = 9700 €
length_scale of pH is at upper bound
length_scale of F1 is at upper bound
next point: T=27.0 pH=8.44 F1=1.31 F2=0.57 F3=1.70 | acq=0.000e+00 | GP: mu=2.727 sigma=0.263
measurement: Y = 4.175 -> projected: Y = 2.788

iteration 17 - best Y = 3.532 (for 17 iterations) | cost = 10200 €
length_scale of pH is at upper bound
length_scale of F1 is at upper bound
next point: T=28.0 pH=4.79 F1=1.29 F2=1.66 F3=1.76 | acq=0.000e+00 | GP: mu=2.649 sigma=0.267
measurement: Y = 4.266 -> projected: Y = 2.849

iteration 18 - best Y = 3.532 (for 18 iterations) | cost = 10700 €
length_scale of pH is at upper bound
length_scale of F1 is at upper bound
next point: T=24.0 pH=8.45 F1=0.47 F2=0.12 F3=1.70 | acq=0.000e+00 | GP: mu=2.945 sigma=0.363
measurement: Y = 4.006 -> projected: Y = 2.675

iteration 19 - best Y = 3.532 (for 19 iterations) | cost = 11200 €
length_scale of pH is at upper bound
length_scale of F1 is at upper bound
next point: T=40.5 pH=4.19 F1=0.90 F2=1.00 F3=1.92 | acq=0.000e+00 | GP: mu=2.300 sigma=0.325
measurement: Y = 4.322 -> projected: Y = 2.886

iteration 20 - best Y = 3.532 (for 20 iterations) | cost = 11700 €
length_scale of pH is at upper bound
length_scale of F1 is at upper bound
next point: T=45.9 pH=5.58 F1=0.03 F2=0.01 F3=1.01 | acq=0.000e+00 | GP: mu=2.772 sigma=0.309
measurement: Y = 2.523 -> projected: Y = 1.685

iteration 21 - best Y = 3.532 (for 21 iterations) | cost = 12200 €
length_scale of F1 is at upper bound
next point: T=41.3 pH=7.35 F1=0.82 F2=0.44 F3=0.96 | acq=0.000e+00 | GP: mu=2.573 sigma=0.335
measurement: Y = 3.311 -> projected: Y = 2.212

iteration 22 - best Y = 3.532 (for 22 iterations) | cost = 12700 €
length_scale of F1 is at upper bound
next point: T=35.7 pH=5.08 F1=0.95 F2=1.84 F3=1.97 | acq=0.000e+00 | GP: mu=2.955 sigma=0.372
measurement: Y = 7.397 -> projected: Y = 4.940

iteration 23 - best Y = 4.940 (for 0 iterations) | cost = 13200 €
length_scale of F1 is at upper bound
next point: T=44.8 pH=8.40 F1=0.11 F2=1.01 F3=1.48 | acq=0.000e+00 | GP: mu=1.965 sigma=0.454
measurement: Y = 3.515 -> projected: Y = 2.348

iteration 24 - best Y = 4.940 (for 1 iterations) | cost = 13700 €
length_scale of F1 is at upper bound
next point: T=30.9 pH=7.38 F1=0.57 F2=1.74 F3=1.53 | acq=0.000e+00 | GP: mu=2.899 sigma=0.383
measurement: Y = 3.747 -> projected: Y = 2.503

iteration 25 - best Y = 4.940 (for 2 iterations) | cost = 14200 €
length_scale of F1 is at upper bound
next point: T=28.0 pH=3.90 F1=1.13 F2=1.95 F3=1.37 | acq=0.000e+00 | GP: mu=2.712 sigma=0.242
measurement: Y = 3.792 -> projected: Y = 2.533

iteration 26 - best Y = 4.940 (for 3 iterations) | cost = 14700 €
length_scale of F1 is at upper bound
next point: T=57.3 pH=7.67 F1=1.91 F2=1.12 F3=0.13 | acq=0.000e+00 | GP: mu=2.374 sigma=0.499
measurement: Y = 2.855 -> projected: Y = 1.907

iteration 27 - best Y = 4.940 (for 4 iterations) | cost = 15200 €
length_scale of F1 is at upper bound
next point: T=56.4 pH=7.22 F1=1.34 F2=1.54 F3=1.38 | acq=0.000e+00 | GP: mu=2.528 sigma=0.393
measurement: Y = 3.829 -> projected: Y = 2.557

iteration 28 - best Y = 4.940 (for 5 iterations) | cost = 15700 €
length_scale of F1 is at upper bound
next point: T=32.1 pH=6.11 F1=0.27 F2=0.12 F3=1.73 | acq=0.000e+00 | GP: mu=2.660 sigma=0.489
measurement: Y = 4.076 -> projected: Y = 2.722

iteration 29 - best Y = 4.940 (for 6 iterations) | cost = 16200 €
length_scale of F1 is at upper bound
next point: T=35.9 pH=4.15 F1=1.02 F2=1.81 F3=1.97 | acq=2.256e-02 | GP: mu=4.963 sigma=0.144
measurement: Y = 4.465 -> projected: Y = 2.982

iteration 30 - best Y = 4.940 (for 7 iterations) | cost = 16700 €
length_scale of F1 is at upper bound
length_scale of F2 is at upper bound
next point: T=50.7 pH=3.70 F1=1.83 F2=1.56 F3=0.71 | acq=0.000e+00 | GP: mu=2.649 sigma=0.547
measurement: Y = 3.259 -> projected: Y = 2.177

iteration 31 - best Y = 4.940 (for 8 iterations) | cost = 17200 €
length_scale of F1 is at upper bound
next point: T=49.8 pH=5.22 F1=1.50 F2=0.09 F3=0.90 | acq=0.000e+00 | GP: mu=2.293 sigma=0.445
measurement: Y = 3.339 -> projected: Y = 2.230

iteration 32 - best Y = 4.940 (for 9 iterations) | cost = 17700 €
length_scale of F1 is at upper bound
next point: T=57.9 pH=8.36 F1=0.75 F2=1.33 F3=1.61 | acq=0.000e+00 | GP: mu=2.442 sigma=0.529
measurement: Y = 3.991 -> projected: Y = 2.665

iteration 33 - best Y = 4.940 (for 10 iterations) | cost = 18200 €
length_scale of F1 is at upper bound
next point: T=45.3 pH=6.54 F1=0.41 F2=0.58 F3=0.24 | acq=0.000e+00 | GP: mu=2.296 sigma=0.479
  [rate-limited, sleeping 1.0s]
  [rate-limited, sleeping 2.5s]
  [rate-limited, sleeping 6.2s]
  [rate-limited, sleeping 15.6s]
  [rate-limited, sleeping 39.1s]
measurement: Y = 2.922 -> projected: Y = 1.952

iteration 34 - best Y = 4.940 (for 11 iterations) | cost = 18700 €
length_scale of F1 is at upper bound
next point: T=47.1 pH=3.82 F1=0.35 F2=1.48 F3=1.98 | acq=0.000e+00 | GP: mu=2.793 sigma=0.505
measurement: Y = 4.342 -> projected: Y = 2.900

iteration 35 - best Y = 4.940 (for 12 iterations) | cost = 19200 €
length_scale of F1 is at upper bound
next point: T=33.4 pH=5.93 F1=1.99 F2=0.90 F3=1.29 | acq=0.000e+00 | GP: mu=3.084 sigma=0.464
measurement: Y = 4.564 -> projected: Y = 3.049

iteration 36 - best Y = 4.940 (for 13 iterations) | cost = 19700 €
length_scale of F1 is at upper bound
next point: T=33.9 pH=3.31 F1=0.73 F2=0.13 F3=1.22 | acq=0.000e+00 | GP: mu=2.609 sigma=0.529
measurement: Y = 3.697 -> projected: Y = 2.469

iteration 37 - best Y = 4.940 (for 14 iterations) | cost = 20200 €
length_scale of F1 is at upper bound
next point: T=39.1 pH=4.49 F1=0.53 F2=1.48 F3=1.70 | acq=0.000e+00 | GP: mu=3.275 sigma=0.341
measurement: Y = 4.007 -> projected: Y = 2.676

iteration 38 - best Y = 4.940 (for 15 iterations) | cost = 20700 €
length_scale of F1 is at upper bound
next point: T=32.4 pH=9.46 F1=0.91 F2=1.32 F3=1.78 | acq=0.000e+00 | GP: mu=2.793 sigma=0.463
measurement: Y = 4.210 -> projected: Y = 2.812

iteration 39 - best Y = 4.940 (for 16 iterations) | cost = 21200 €
length_scale of F1 is at upper bound
next point: T=30.1 pH=9.06 F1=1.50 F2=1.55 F3=0.37 | acq=0.000e+00 | GP: mu=2.647 sigma=0.417
measurement: Y = 3.122 -> projected: Y = 2.085

iteration 40 - best Y = 4.940 (for 17 iterations) | cost = 21700 €
length_scale of F1 is at upper bound
next point: T=20.8 pH=9.02 F1=0.22 F2=1.92 F3=1.12 | acq=0.000e+00 | GP: mu=2.578 sigma=0.493
measurement: Y = 3.327 -> projected: Y = 2.222

iteration 41 - best Y = 4.940 (for 18 iterations) | cost = 22200 €
length_scale of F1 is at upper bound
next point: T=51.1 pH=5.91 F1=1.23 F2=1.53 F3=1.89 | acq=0.000e+00 | GP: mu=2.758 sigma=0.473
measurement: Y = 4.263 -> projected: Y = 2.847

iteration 42 - best Y = 4.940 (for 19 iterations) | cost = 22700 €
length_scale of F1 is at upper bound
next point: T=31.5 pH=8.95 F1=0.51 F2=1.68 F3=0.35 | acq=0.000e+00 | GP: mu=2.192 sigma=0.332
measurement: Y = 3.051 -> projected: Y = 2.038

iteration 43 - best Y = 4.940 (for 20 iterations) | cost = 23200 €
length_scale of F1 is at upper bound
next point: T=27.4 pH=6.33 F1=1.82 F2=0.04 F3=1.46 | acq=0.000e+00 | GP: mu=2.602 sigma=0.432
measurement: Y = 3.918 -> projected: Y = 2.617

iteration 44 - best Y = 4.940 (for 21 iterations) | cost = 23700 €
length_scale of F1 is at upper bound
next point: T=46.2 pH=6.12 F1=0.42 F2=0.17 F3=1.83 | acq=0.000e+00 | GP: mu=2.652 sigma=0.477
measurement: Y = 4.049 -> projected: Y = 2.704

iteration 45 - best Y = 4.940 (for 22 iterations) | cost = 24200 €
length_scale of T is at upper bound
length_scale of F1 is at upper bound
next point: T=48.5 pH=4.21 F1=1.25 F2=0.74 F3=0.07 | acq=0.000e+00 | GP: mu=2.566 sigma=0.499
measurement: Y = 2.921 -> projected: Y = 1.951

iteration 46 - best Y = 4.940 (for 23 iterations) | cost = 24700 €
length_scale of F1 is at upper bound
next point: T=42.4 pH=6.35 F1=0.96 F2=0.15 F3=1.64 | acq=0.000e+00 | GP: mu=2.743 sigma=0.399
measurement: Y = 3.876 -> projected: Y = 2.589

iteration 47 - best Y = 4.940 (for 24 iterations) | cost = 25200 €
length_scale of F1 is at upper bound
next point: T=20.4 pH=8.85 F1=1.69 F2=0.97 F3=1.05 | acq=0.000e+00 | GP: mu=2.399 sigma=0.414
measurement: Y = 3.487 -> projected: Y = 2.329

iteration 48 - best Y = 4.940 (for 25 iterations) | cost = 25700 €
length_scale of F1 is at upper bound
length_scale of F2 is at upper bound
next point: T=54.6 pH=6.79 F1=1.07 F2=1.68 F3=0.05 | acq=0.000e+00 | GP: mu=2.246 sigma=0.460
measurement: Y = 2.839 -> projected: Y = 1.896

iteration 49 - best Y = 4.940 (for 26 iterations) | cost = 26200 €
length_scale of F1 is at upper bound
length_scale of F2 is at upper bound
next point: T=37.2 pH=6.14 F1=0.04 F2=1.47 F3=1.38 | acq=0.000e+00 | GP: mu=2.959 sigma=0.328
measurement: Y = 3.603 -> projected: Y = 2.406

iteration 50 - best Y = 4.940 (for 27 iterations) | cost = 26700 €
length_scale of T is at upper bound
length_scale of F1 is at upper bound
next point: T=24.3 pH=5.86 F1=1.66 F2=1.41 F3=1.26 | acq=0.000e+00 | GP: mu=2.820 sigma=0.265
measurement: Y = 3.831 -> projected: Y = 2.559

iteration 51 - best Y = 4.940 (for 28 iterations) | cost = 27200 €
length_scale of F1 is at upper bound
next point: T=48.7 pH=5.23 F1=0.77 F2=1.10 F3=1.30 | acq=0.000e+00 | GP: mu=2.188 sigma=0.418
measurement: Y = 3.638 -> projected: Y = 2.430

iteration 52 - best Y = 4.940 (for 29 iterations) | cost = 27700 €
length_scale of F1 is at upper bound
next point: T=50.7 pH=8.31 F1=1.28 F2=1.52 F3=1.79 | acq=0.000e+00 | GP: mu=2.625 sigma=0.432
measurement: Y = 4.206 -> projected: Y = 2.809

iteration 53 - best Y = 4.940 (for 30 iterations) | cost = 28200 €
length_scale of F1 is at upper bound
length_scale of F2 is at upper bound
next point: T=29.9 pH=5.72 F1=0.57 F2=1.17 F3=1.82 | acq=0.000e+00 | GP: mu=3.224 sigma=0.370

Best point on pilot scale: T=35.7 pH=5.08 F1=0.95 F2=1.84 F3=1.97 | Y = 3.699 | cost = 28200
