Command:
C:\Users\Asus\sciebo - Johanning, Philipp (philipp.johanning@tu-dortmund.de)@tu-dortmund.sciebo.de2\Master\Semester 1\MLME\GitHub Clone Projekt\Mandatory-tasks\.venv\Scripts\python.exe C:\Users\Asus\sciebo - Johanning, Philipp (philipp.johanning@tu-dortmund.de)@tu-dortmund.sciebo.de2\Master\Semester 1\MLME\GitHub Clone Projekt\Mandatory-tasks\Task03\Task03_main.py --acq pi --init-method lhc --run-id 5 --patience 30 --init-samples 20 --budget 1000000.0

running experiment [micro, 44.54055420778191, 6.518062344580708, 0.13997623431934572, 0.15002558829540996, 1.3041721433393945]
running experiment [micro, 48.65341762355935, 8.4328313597773, 1.5079977653205285, 0.21635874291611717, 0.559871833259656]
running experiment [micro, 33.62111683044445, 8.83745895915035, 1.3263747489297508, 0.09468636309004483, 1.8539108209744009]
running experiment [micro, 52.12738864210144, 5.315443307084393, 1.1815320605625934, 1.8823756185412055, 0.0014443741261587983]
running experiment [micro, 29.496867170564165, 3.193881132720863, 0.5151631005735111, 1.4550986251907296, 1.0071318532185385]
running experiment [micro, 42.47613936247764, 6.5934868665332536, 0.2235871667608313, 0.42082949303268363, 0.20410474484794783]
running experiment [micro, 57.159100630151144, 4.067595777243204, 0.9642136731329591, 0.941192053593398, 1.2255068358333179]
running experiment [micro, 51.1566778793259, 9.488216057186941, 0.7581233269940311, 1.310548538122109, 0.48640553980565554]
running experiment [micro, 58.56178775384158, 7.25116631483659, 0.05819922612091126, 0.7938032703673568, 1.9810695842383033]
running experiment [micro, 38.50792182051204, 7.566775384929257, 0.8185528919812824, 1.0354489100460307, 1.674526583750432]
running experiment [micro, 25.42994459255, 5.26299240711944, 0.3208249373306955, 1.732998969429163, 0.1915391361301441]
running experiment [micro, 54.469320902937525, 4.806654742484639, 0.6173285845729469, 0.6761664375597644, 0.8503389564334676]
running experiment [micro, 35.4825254933577, 6.01272429216673, 1.2033211584087513, 1.2795878717412215, 0.3056970451124207]
running experiment [micro, 36.326575568166895, 3.8544588292790367, 1.9228337470615806, 1.104534993940753, 1.1431848295649736]
running experiment [micro, 30.244938343574702, 7.099175594454563, 1.0720841991026255, 1.5797605005393058, 1.425027432283276]
running experiment [micro, 20.164241479593308, 5.811784682746861, 0.4246305197211284, 1.6450475055005813, 0.7257699920765172]
running experiment [micro, 23.266494531508123, 3.451124909965706, 1.7978000721774314, 1.9675464469760322, 0.9215715155008514]
running experiment [micro, 41.37051366026192, 8.86049496680607, 1.6202581330853847, 0.8357194102552293, 1.7460470832791224]
running experiment [micro, 26.128612897051212, 8.129286673647545, 1.4472212171229315, 0.36687394117604966, 1.5788703091261365]
running experiment [micro, 46.23412332962869, 4.311080692852076, 1.8556304175500533, 0.567894053926836, 0.6867312899357321]

iteration 0 - best Y = 3.862 (for 0 iterations) | cost = 200 €
length_scale of pH is at upper bound
length_scale of F1 is at upper bound
length_scale of F3 is at upper bound
next point: T=46.3 pH=9.25 F1=0.56 F2=0.93 F3=0.90 | acq=0.000e+00 | GP: mu=2.358 sigma=0.291
measurement: Y = 3.376 -> projected: Y = 2.255

iteration 1 - best Y = 3.862 (for 1 iterations) | cost = 700 €
length_scale of pH is at upper bound
length_scale of F2 is at upper bound
length_scale of F3 is at upper bound
next point: T=38.3 pH=8.42 F1=1.47 F2=1.13 F3=0.93 | acq=0.000e+00 | GP: mu=2.957 sigma=0.242
measurement: Y = 4.238 -> projected: Y = 2.830

iteration 2 - best Y = 3.862 (for 2 iterations) | cost = 1200 €
length_scale of pH is at upper bound
length_scale of F1 is at upper bound
length_scale of F2 is at upper bound
length_scale of F3 is at upper bound
next point: T=56.4 pH=9.33 F1=0.25 F2=0.90 F3=1.48 | acq=0.000e+00 | GP: mu=2.817 sigma=0.270
measurement: Y = 3.706 -> projected: Y = 2.475

iteration 3 - best Y = 3.862 (for 3 iterations) | cost = 1700 €
length_scale of F1 is at upper bound
length_scale of F2 is at upper bound
length_scale of F3 is at upper bound
next point: T=47.2 pH=6.98 F1=1.46 F2=0.91 F3=0.54 | acq=0.000e+00 | GP: mu=2.365 sigma=0.177
measurement: Y = 3.213 -> projected: Y = 2.146

iteration 4 - best Y = 3.862 (for 4 iterations) | cost = 2200 €
length_scale of F1 is at upper bound
length_scale of F2 is at upper bound
length_scale of F3 is at upper bound
next point: T=44.9 pH=3.52 F1=1.29 F2=0.07 F3=1.56 | acq=0.000e+00 | GP: mu=2.365 sigma=0.279
measurement: Y = 3.970 -> projected: Y = 2.652

iteration 5 - best Y = 3.862 (for 5 iterations) | cost = 2700 €
length_scale of F1 is at upper bound
length_scale of F2 is at upper bound
length_scale of F3 is at upper bound
next point: T=54.2 pH=7.84 F1=1.58 F2=1.64 F3=0.72 | acq=0.000e+00 | GP: mu=2.506 sigma=0.251
  [rate-limited, sleeping 1.0s]
  [rate-limited, sleeping 2.5s]
  [rate-limited, sleeping 6.2s]
  [rate-limited, sleeping 15.6s]
  [rate-limited, sleeping 39.1s]
measurement: Y = 3.377 -> projected: Y = 2.255

iteration 6 - best Y = 3.862 (for 6 iterations) | cost = 3200 €
length_scale of F1 is at upper bound
length_scale of F3 is at upper bound
next point: T=58.2 pH=8.58 F1=0.19 F2=0.60 F3=1.56 | acq=0.000e+00 | GP: mu=2.583 sigma=0.129
measurement: Y = 3.634 -> projected: Y = 2.427

iteration 7 - best Y = 3.862 (for 7 iterations) | cost = 3700 €
length_scale of F1 is at upper bound
length_scale of F2 is at upper bound
length_scale of F3 is at upper bound
next point: T=57.4 pH=4.83 F1=1.81 F2=0.67 F3=1.08 | acq=0.000e+00 | GP: mu=2.697 sigma=0.242
measurement: Y = 3.662 -> projected: Y = 2.446

iteration 8 - best Y = 3.862 (for 8 iterations) | cost = 4200 €
length_scale of pH is at upper bound
length_scale of F2 is at upper bound
length_scale of F3 is at upper bound
next point: T=47.4 pH=6.77 F1=0.82 F2=1.93 F3=0.90 | acq=0.000e+00 | GP: mu=2.281 sigma=0.204
measurement: Y = 3.423 -> projected: Y = 2.286

iteration 9 - best Y = 3.862 (for 9 iterations) | cost = 4700 €
length_scale of pH is at upper bound
length_scale of F2 is at upper bound
length_scale of F3 is at upper bound
next point: T=51.8 pH=5.81 F1=1.65 F2=0.46 F3=1.72 | acq=0.000e+00 | GP: mu=2.440 sigma=0.190
measurement: Y = 4.077 -> projected: Y = 2.723

iteration 10 - best Y = 3.862 (for 10 iterations) | cost = 5200 €
length_scale of pH is at upper bound
length_scale of F1 is at upper bound
length_scale of F2 is at upper bound
length_scale of F3 is at upper bound
next point: T=46.3 pH=6.77 F1=0.99 F2=1.51 F3=1.20 | acq=0.000e+00 | GP: mu=2.301 sigma=0.080
measurement: Y = 3.586 -> projected: Y = 2.395

iteration 11 - best Y = 3.862 (for 11 iterations) | cost = 5700 €
length_scale of pH is at upper bound
length_scale of F1 is at upper bound
length_scale of F2 is at upper bound
next point: T=32.5 pH=3.24 F1=1.93 F2=0.61 F3=1.12 | acq=0.000e+00 | GP: mu=3.121 sigma=0.230
measurement: Y = 3.668 -> projected: Y = 2.450

iteration 12 - best Y = 3.862 (for 12 iterations) | cost = 6200 €
length_scale of F1 is at upper bound
length_scale of F2 is at upper bound
next point: T=45.4 pH=5.33 F1=1.36 F2=0.30 F3=1.87 | acq=0.000e+00 | GP: mu=2.651 sigma=0.132
measurement: Y = 4.237 -> projected: Y = 2.830

iteration 13 - best Y = 3.862 (for 13 iterations) | cost = 6700 €
length_scale of F1 is at upper bound
length_scale of F2 is at upper bound
next point: T=52.2 pH=6.48 F1=0.92 F2=1.66 F3=1.00 | acq=0.000e+00 | GP: mu=2.395 sigma=0.124
measurement: Y = 3.446 -> projected: Y = 2.301

iteration 14 - best Y = 3.862 (for 14 iterations) | cost = 7200 €
length_scale of F1 is at upper bound
length_scale of F2 is at upper bound
next point: T=55.0 pH=4.43 F1=1.09 F2=1.96 F3=0.51 | acq=0.000e+00 | GP: mu=2.422 sigma=0.166
measurement: Y = 3.177 -> projected: Y = 2.122

iteration 15 - best Y = 3.862 (for 15 iterations) | cost = 7700 €
length_scale of F1 is at upper bound
length_scale of F2 is at upper bound
next point: T=58.2 pH=4.33 F1=1.64 F2=1.30 F3=0.48 | acq=0.000e+00 | GP: mu=2.258 sigma=0.116
measurement: Y = 3.156 -> projected: Y = 2.108

iteration 16 - best Y = 3.862 (for 16 iterations) | cost = 8200 €
length_scale of F1 is at upper bound
length_scale of F2 is at upper bound
next point: T=27.8 pH=3.96 F1=1.72 F2=1.89 F3=0.53 | acq=0.000e+00 | GP: mu=2.592 sigma=0.201
measurement: Y = 3.168 -> projected: Y = 2.116

iteration 17 - best Y = 3.862 (for 17 iterations) | cost = 8700 €
length_scale of F1 is at upper bound
length_scale of F2 is at upper bound
next point: T=38.2 pH=3.22 F1=0.74 F2=1.54 F3=1.23 | acq=0.000e+00 | GP: mu=2.801 sigma=0.244
measurement: Y = 3.709 -> projected: Y = 2.477

iteration 18 - best Y = 3.862 (for 18 iterations) | cost = 9200 €
length_scale of F1 is at upper bound
length_scale of F2 is at upper bound
next point: T=22.6 pH=5.64 F1=1.63 F2=0.24 F3=0.24 | acq=0.000e+00 | GP: mu=2.401 sigma=0.256
measurement: Y = 2.970 -> projected: Y = 1.983

iteration 19 - best Y = 3.862 (for 19 iterations) | cost = 9700 €
length_scale of pH is at upper bound
length_scale of F1 is at upper bound
next point: T=34.3 pH=4.51 F1=0.16 F2=0.30 F3=1.34 | acq=0.000e+00 | GP: mu=2.512 sigma=0.247
measurement: Y = 3.843 -> projected: Y = 2.566

iteration 20 - best Y = 3.862 (for 20 iterations) | cost = 10200 €
length_scale of F1 is at upper bound
length_scale of F2 is at upper bound
next point: T=35.9 pH=8.63 F1=1.04 F2=1.76 F3=1.34 | acq=0.000e+00 | GP: mu=2.939 sigma=0.155
measurement: Y = 12.988 -> projected: Y = 8.675

iteration 21 - best Y = 8.675 (for 0 iterations) | cost = 10700 €
length_scale of T is at upper bound
length_scale of F2 is at upper bound
length_scale of F3 is at upper bound
next point: T=44.0 pH=3.94 F1=1.07 F2=0.34 F3=0.87 | acq=0.000e+00 | GP: mu=2.844 sigma=0.697
measurement: Y = 0.120 -> projected: Y = 2.191

iteration 22 - best Y = 8.675 (for 1 iterations) | cost = 10710 €
length_scale of F1 is at upper bound
length_scale of F3 is at upper bound
next point: T=29.5 pH=6.71 F1=1.74 F2=1.36 F3=0.77 | acq=0.000e+00 | GP: mu=2.628 sigma=0.694
measurement: Y = 0.129 -> projected: Y = 2.364

iteration 23 - best Y = 8.675 (for 2 iterations) | cost = 10720 €
length_scale of F1 is at upper bound
length_scale of F3 is at upper bound
next point: T=33.1 pH=8.74 F1=0.75 F2=1.82 F3=1.24 | acq=1.057e-01 | GP: mu=8.780 sigma=0.326
measurement: Y = 4.411 -> projected: Y = 2.946

iteration 24 - best Y = 8.675 (for 3 iterations) | cost = 11220 €
length_scale of T is at upper bound
length_scale of F2 is at upper bound
length_scale of F3 is at upper bound
next point: T=31.8 pH=9.44 F1=1.65 F2=0.07 F3=1.13 | acq=0.000e+00 | GP: mu=2.499 sigma=0.845
measurement: Y = 0.141 -> projected: Y = 2.583

iteration 25 - best Y = 8.675 (for 4 iterations) | cost = 11230 €
length_scale of T is at upper bound
length_scale of F2 is at upper bound
length_scale of F3 is at upper bound
next point: T=30.1 pH=4.30 F1=1.08 F2=0.20 F3=0.99 | acq=0.000e+00 | GP: mu=2.292 sigma=0.648
measurement: Y = 0.126 -> projected: Y = 2.310

iteration 26 - best Y = 8.675 (for 5 iterations) | cost = 11240 €
length_scale of T is at upper bound
length_scale of F2 is at upper bound
length_scale of F3 is at upper bound
next point: T=29.6 pH=5.95 F1=1.71 F2=0.37 F3=0.02 | acq=0.000e+00 | GP: mu=2.087 sigma=0.532
measurement: Y = 2.896 -> projected: Y = 1.934

iteration 27 - best Y = 8.675 (for 6 iterations) | cost = 11740 €
length_scale of T is at upper bound
length_scale of F2 is at upper bound
length_scale of F3 is at upper bound
next point: T=35.1 pH=8.66 F1=1.05 F2=1.76 F3=1.32 | acq=2.317e-02 | GP: mu=8.698 sigma=0.079
measurement: Y = 10.540 -> projected: Y = 7.040

iteration 28 - best Y = 8.675 (for 7 iterations) | cost = 12240 €
length_scale of F1 is at upper bound
length_scale of F2 is at upper bound
next point: T=38.3 pH=3.73 F1=1.43 F2=0.29 F3=1.21 | acq=0.000e+00 | GP: mu=2.447 sigma=0.706
measurement: Y = 0.164 -> projected: Y = 2.997

iteration 29 - best Y = 8.675 (for 8 iterations) | cost = 12250 €
length_scale of F1 is at upper bound
length_scale of F2 is at upper bound
next point: T=36.0 pH=8.53 F1=1.05 F2=1.73 F3=1.38 | acq=3.869e-02 | GP: mu=8.713 sigma=0.084
measurement: Y = 15.761 -> projected: Y = 10.526

iteration 30 - best Y = 10.526 (for 0 iterations) | cost = 12750 €
length_scale of T is at upper bound
length_scale of F1 is at upper bound
length_scale of F2 is at upper bound
next point: T=33.6 pH=6.31 F1=0.91 F2=0.57 F3=1.59 | acq=0.000e+00 | GP: mu=2.925 sigma=1.232
measurement: Y = 0.213 -> projected: Y = 3.898

iteration 31 - best Y = 10.526 (for 1 iterations) | cost = 12760 €
length_scale of T is at upper bound
length_scale of F1 is at upper bound
length_scale of F2 is at upper bound
next point: T=36.4 pH=7.58 F1=0.35 F2=1.53 F3=1.21 | acq=0.000e+00 | GP: mu=2.692 sigma=1.073
measurement: Y = 0.311 -> projected: Y = 5.699

iteration 32 - best Y = 10.526 (for 2 iterations) | cost = 12770 €
length_scale of T is at upper bound
length_scale of F1 is at upper bound
length_scale of F2 is at upper bound
next point: T=49.5 pH=3.14 F1=1.53 F2=1.14 F3=0.07 | acq=0.000e+00 | GP: mu=2.994 sigma=1.277
measurement: Y = 0.105 -> projected: Y = 1.915

iteration 33 - best Y = 10.526 (for 3 iterations) | cost = 12780 €
length_scale of T is at upper bound
length_scale of F1 is at upper bound
length_scale of F2 is at upper bound
next point: T=58.4 pH=6.68 F1=1.69 F2=0.96 F3=0.63 | acq=0.000e+00 | GP: mu=2.718 sigma=1.228
measurement: Y = 0.142 -> projected: Y = 2.606

iteration 34 - best Y = 10.526 (for 4 iterations) | cost = 12790 €
length_scale of T is at upper bound
length_scale of F1 is at upper bound
length_scale of F2 is at upper bound
next point: T=48.4 pH=8.70 F1=0.22 F2=1.19 F3=1.09 | acq=0.000e+00 | GP: mu=2.945 sigma=1.249
measurement: Y = 0.129 -> projected: Y = 2.369

iteration 35 - best Y = 10.526 (for 5 iterations) | cost = 12800 €
length_scale of T is at upper bound
length_scale of F1 is at upper bound
length_scale of F2 is at upper bound
next point: T=34.4 pH=5.92 F1=1.05 F2=1.33 F3=1.68 | acq=0.000e+00 | GP: mu=2.991 sigma=1.021
  [rate-limited, sleeping 1.0s]
  [rate-limited, sleeping 2.5s]
  [rate-limited, sleeping 6.2s]
  [rate-limited, sleeping 15.6s]
  [rate-limited, sleeping 39.1s]
measurement: Y = 0.235 -> projected: Y = 4.302

iteration 36 - best Y = 10.526 (for 6 iterations) | cost = 12810 €
length_scale of T is at upper bound
length_scale of F1 is at upper bound
length_scale of F2 is at upper bound
next point: T=24.7 pH=8.37 F1=1.62 F2=0.97 F3=1.54 | acq=0.000e+00 | GP: mu=3.178 sigma=0.933
measurement: Y = 0.203 -> projected: Y = 3.707

iteration 37 - best Y = 10.526 (for 7 iterations) | cost = 12820 €
length_scale of T is at upper bound
length_scale of F1 is at upper bound
length_scale of F2 is at upper bound
next point: T=56.7 pH=9.30 F1=1.75 F2=1.88 F3=1.45 | acq=0.000e+00 | GP: mu=3.582 sigma=1.091
measurement: Y = 0.163 -> projected: Y = 2.987

iteration 38 - best Y = 10.526 (for 8 iterations) | cost = 12830 €
length_scale of T is at upper bound
length_scale of F1 is at upper bound
length_scale of F2 is at upper bound
next point: T=26.6 pH=3.31 F1=1.66 F2=1.60 F3=0.60 | acq=0.000e+00 | GP: mu=2.868 sigma=1.220
measurement: Y = 0.137 -> projected: Y = 2.500

iteration 39 - best Y = 10.526 (for 9 iterations) | cost = 12840 €
length_scale of T is at upper bound
length_scale of F1 is at upper bound
length_scale of F2 is at upper bound
next point: T=20.7 pH=7.89 F1=0.82 F2=0.23 F3=1.92 | acq=0.000e+00 | GP: mu=3.014 sigma=1.224
measurement: Y = 0.184 -> projected: Y = 3.364

iteration 40 - best Y = 10.526 (for 10 iterations) | cost = 12850 €
length_scale of T is at upper bound
length_scale of F1 is at upper bound
length_scale of F2 is at upper bound
next point: T=26.5 pH=3.04 F1=0.86 F2=1.65 F3=1.68 | acq=0.000e+00 | GP: mu=2.976 sigma=1.221
measurement: Y = 0.202 -> projected: Y = 3.689

iteration 41 - best Y = 10.526 (for 11 iterations) | cost = 12860 €
length_scale of T is at upper bound
length_scale of F1 is at upper bound
length_scale of F2 is at upper bound
next point: T=46.3 pH=8.32 F1=0.13 F2=0.28 F3=1.99 | acq=0.000e+00 | GP: mu=3.091 sigma=1.184
measurement: Y = 0.173 -> projected: Y = 3.157

iteration 42 - best Y = 10.526 (for 12 iterations) | cost = 12870 €
length_scale of T is at upper bound
length_scale of F1 is at upper bound
length_scale of F2 is at upper bound
next point: T=37.3 pH=6.15 F1=1.28 F2=1.56 F3=0.56 | acq=0.000e+00 | GP: mu=2.837 sigma=1.178
measurement: Y = 0.145 -> projected: Y = 2.652

iteration 43 - best Y = 10.526 (for 13 iterations) | cost = 12880 €
length_scale of T is at upper bound
length_scale of F1 is at upper bound
length_scale of F2 is at upper bound
next point: T=43.1 pH=7.12 F1=1.81 F2=1.50 F3=1.25 | acq=0.000e+00 | GP: mu=3.278 sigma=1.021
measurement: Y = 0.149 -> projected: Y = 2.724

iteration 44 - best Y = 10.526 (for 14 iterations) | cost = 12890 €
length_scale of T is at upper bound
length_scale of F1 is at upper bound
length_scale of F2 is at upper bound
next point: T=43.3 pH=8.42 F1=1.05 F2=0.08 F3=0.57 | acq=0.000e+00 | GP: mu=2.823 sigma=0.556
measurement: Y = 0.118 -> projected: Y = 2.154

iteration 45 - best Y = 10.526 (for 15 iterations) | cost = 12900 €
length_scale of T is at upper bound
length_scale of F1 is at upper bound
length_scale of F2 is at upper bound
next point: T=30.3 pH=8.39 F1=0.55 F2=1.47 F3=1.13 | acq=0.000e+00 | GP: mu=3.014 sigma=1.021
measurement: Y = 0.179 -> projected: Y = 3.267

iteration 46 - best Y = 10.526 (for 16 iterations) | cost = 12910 €
length_scale of T is at upper bound
length_scale of F1 is at upper bound
length_scale of F2 is at upper bound
next point: T=26.3 pH=5.42 F1=1.37 F2=1.18 F3=0.02 | acq=0.000e+00 | GP: mu=2.176 sigma=0.846
measurement: Y = 0.172 -> projected: Y = 3.139

iteration 47 - best Y = 10.526 (for 17 iterations) | cost = 12920 €
length_scale of T is at upper bound
length_scale of F1 is at upper bound
length_scale of F2 is at upper bound
next point: T=40.5 pH=4.61 F1=1.32 F2=1.27 F3=1.30 | acq=0.000e+00 | GP: mu=2.801 sigma=1.003
measurement: Y = 0.155 -> projected: Y = 2.838

iteration 48 - best Y = 10.526 (for 18 iterations) | cost = 12930 €
length_scale of T is at upper bound
length_scale of F1 is at upper bound
length_scale of F2 is at upper bound
next point: T=22.6 pH=3.37 F1=1.47 F2=1.66 F3=1.66 | acq=0.000e+00 | GP: mu=3.401 sigma=0.874
measurement: Y = 0.178 -> projected: Y = 3.261

iteration 49 - best Y = 10.526 (for 19 iterations) | cost = 12940 €
length_scale of T is at upper bound
length_scale of F1 is at upper bound
length_scale of F2 is at upper bound
next point: T=30.8 pH=8.02 F1=1.64 F2=1.05 F3=1.49 | acq=0.000e+00 | GP: mu=3.964 sigma=0.977
measurement: Y = 0.188 -> projected: Y = 3.433

iteration 50 - best Y = 10.526 (for 20 iterations) | cost = 12950 €
length_scale of T is at upper bound
length_scale of F1 is at upper bound
length_scale of F2 is at upper bound
next point: T=36.1 pH=5.95 F1=1.70 F2=1.23 F3=1.73 | acq=0.000e+00 | GP: mu=3.135 sigma=0.705
measurement: Y = 0.260 -> projected: Y = 4.766

iteration 51 - best Y = 10.526 (for 21 iterations) | cost = 12960 €
length_scale of F1 is at upper bound
length_scale of F2 is at upper bound
next point: T=26.4 pH=3.97 F1=0.44 F2=0.48 F3=0.90 | acq=0.000e+00 | GP: mu=2.677 sigma=1.054
measurement: Y = 0.123 -> projected: Y = 2.243

iteration 52 - best Y = 10.526 (for 22 iterations) | cost = 12970 €
length_scale of F1 is at upper bound
length_scale of F2 is at upper bound
next point: T=26.9 pH=7.46 F1=1.69 F2=1.19 F3=1.90 | acq=0.000e+00 | GP: mu=3.148 sigma=1.041
measurement: Y = 0.211 -> projected: Y = 3.868

iteration 53 - best Y = 10.526 (for 23 iterations) | cost = 12980 €
length_scale of F1 is at upper bound
length_scale of F2 is at upper bound
next point: T=47.6 pH=4.58 F1=0.02 F2=1.40 F3=0.39 | acq=0.000e+00 | GP: mu=2.895 sigma=1.140
measurement: Y = 0.085 -> projected: Y = 1.563

iteration 54 - best Y = 10.526 (for 24 iterations) | cost = 12990 €
length_scale of F1 is at upper bound
length_scale of F2 is at upper bound
next point: T=28.8 pH=5.57 F1=0.20 F2=1.81 F3=1.95 | acq=0.000e+00 | GP: mu=2.987 sigma=1.147
measurement: Y = 0.134 -> projected: Y = 2.459

iteration 55 - best Y = 10.526 (for 25 iterations) | cost = 13000 €
length_scale of F1 is at upper bound
length_scale of F2 is at upper bound
next point: T=43.5 pH=3.63 F1=0.50 F2=0.73 F3=0.50 | acq=0.000e+00 | GP: mu=2.649 sigma=1.104
measurement: Y = 0.124 -> projected: Y = 2.277

iteration 56 - best Y = 10.526 (for 26 iterations) | cost = 13010 €
length_scale of F1 is at upper bound
length_scale of F2 is at upper bound
next point: T=30.0 pH=7.19 F1=1.42 F2=1.00 F3=0.54 | acq=0.000e+00 | GP: mu=2.616 sigma=1.035
measurement: Y = 0.131 -> projected: Y = 2.398

iteration 57 - best Y = 10.526 (for 27 iterations) | cost = 13020 €
length_scale of F1 is at upper bound
length_scale of F2 is at upper bound
next point: T=21.1 pH=4.99 F1=0.37 F2=0.85 F3=1.20 | acq=0.000e+00 | GP: mu=2.986 sigma=1.131
measurement: Y = 0.189 -> projected: Y = 3.466

iteration 58 - best Y = 10.526 (for 28 iterations) | cost = 13030 €
length_scale of F1 is at upper bound
length_scale of F2 is at upper bound
next point: T=31.4 pH=7.27 F1=1.23 F2=1.98 F3=0.01 | acq=0.000e+00 | GP: mu=2.945 sigma=1.130
measurement: Y = 0.084 -> projected: Y = 1.529

iteration 59 - best Y = 10.526 (for 29 iterations) | cost = 13040 €
length_scale of F1 is at upper bound
length_scale of F2 is at upper bound
next point: T=27.0 pH=7.75 F1=1.21 F2=1.91 F3=0.72 | acq=0.000e+00 | GP: mu=2.755 sigma=1.100
measurement: Y = 0.150 -> projected: Y = 2.743

iteration 60 - best Y = 10.526 (for 30 iterations) | cost = 13050 €
length_scale of F1 is at upper bound
length_scale of F2 is at upper bound
next point: T=57.8 pH=6.29 F1=1.61 F2=1.11 F3=1.07 | acq=0.000e+00 | GP: mu=2.655 sigma=1.015

Best point on pilot scale: T=36.0 pH=8.53 F1=1.05 F2=1.73 F3=1.38 | Y = 9.014 | cost = 13050
