Command:
C:\Users\Asus\sciebo - Johanning, Philipp (philipp.johanning@tu-dortmund.de)@tu-dortmund.sciebo.de2\Master\Semester 1\MLME\GitHub Clone Projekt\Mandatory-tasks\.venv\Scripts\python.exe C:\Users\Asus\sciebo - Johanning, Philipp (philipp.johanning@tu-dortmund.de)@tu-dortmund.sciebo.de2\Master\Semester 1\MLME\GitHub Clone Projekt\Mandatory-tasks\Task03\Task03_main.py --acq ucb --init-method corners --run-id 2 --patience 30 --init-samples 20 --budget 1000000.0

running experiment [micro, 20, 3, 0, 0, 0]
running experiment [micro, 20, 3, 0, 0, 2]
running experiment [micro, 20, 3, 0, 2, 0]
  [rate-limited, sleeping 1.0s]
running experiment [micro, 20, 3, 0, 2, 2]
  [rate-limited, sleeping 1.0s]
  [rate-limited, sleeping 2.5s]
running experiment [micro, 20, 3, 2, 0, 0]
running experiment [micro, 20, 3, 2, 0, 2]
  [rate-limited, sleeping 1.0s]
  [rate-limited, sleeping 2.5s]
running experiment [micro, 20, 3, 2, 2, 0]
running experiment [micro, 20, 3, 2, 2, 2]
  [rate-limited, sleeping 1.0s]
  [rate-limited, sleeping 2.5s]
running experiment [micro, 20, 9.5, 0, 0, 0]
running experiment [micro, 20, 9.5, 0, 0, 2]
  [rate-limited, sleeping 1.0s]
  [rate-limited, sleeping 2.5s]
running experiment [micro, 20, 9.5, 0, 2, 0]
running experiment [micro, 20, 9.5, 0, 2, 2]
  [rate-limited, sleeping 1.0s]
running experiment [micro, 20, 9.5, 2, 0, 0]
  [rate-limited, sleeping 1.0s]
  [rate-limited, sleeping 2.5s]
running experiment [micro, 20, 9.5, 2, 0, 2]
  [rate-limited, sleeping 1.0s]
  [rate-limited, sleeping 2.5s]
  [rate-limited, sleeping 6.2s]
  [rate-limited, sleeping 15.6s]
  [rate-limited, sleeping 39.1s]
running experiment [micro, 20, 9.5, 2, 2, 0]
running experiment [micro, 20, 9.5, 2, 2, 2]
running experiment [micro, 60, 3, 0, 0, 0]
running experiment [micro, 60, 3, 0, 0, 2]
running experiment [micro, 60, 3, 0, 2, 0]
running experiment [micro, 60, 3, 0, 2, 2]
running experiment [micro, 60, 3, 2, 0, 0]
running experiment [micro, 60, 3, 2, 0, 2]
running experiment [micro, 60, 3, 2, 2, 0]
running experiment [micro, 60, 3, 2, 2, 2]
running experiment [micro, 60, 9.5, 0, 0, 0]
running experiment [micro, 60, 9.5, 0, 0, 2]
running experiment [micro, 60, 9.5, 0, 2, 0]
running experiment [micro, 60, 9.5, 0, 2, 2]
running experiment [micro, 60, 9.5, 2, 0, 0]
running experiment [micro, 60, 9.5, 2, 0, 2]
running experiment [micro, 60, 9.5, 2, 2, 0]
running experiment [micro, 60, 9.5, 2, 2, 2]

iteration 0 - best Y = 4.257 (for 0 iterations) | cost = 320 €
length_scale of T is at upper bound
length_scale of pH is at upper bound
length_scale of F2 is at upper bound
next point: T=29.4 pH=5.41 F1=1.96 F2=0.67 F3=1.80 | acq=4.684e+00 | GP: mu=3.796 sigma=0.444
measurement: Y = 4.260 -> projected: Y = 2.845

iteration 1 - best Y = 4.257 (for 1 iterations) | cost = 820 €
length_scale of T is at upper bound
length_scale of pH is at upper bound
length_scale of F2 is at upper bound
next point: T=23.4 pH=5.05 F1=1.98 F2=0.14 F3=1.95 | acq=4.516e+00 | GP: mu=3.933 sigma=0.302
measurement: Y = 4.362 -> projected: Y = 2.913

iteration 2 - best Y = 4.257 (for 2 iterations) | cost = 1320 €
length_scale of T is at upper bound
length_scale of F2 is at upper bound
next point: T=36.8 pH=3.05 F1=2.00 F2=0.03 F3=1.48 | acq=4.641e+00 | GP: mu=3.747 sigma=0.480
measurement: Y = 3.950 -> projected: Y = 2.638

iteration 3 - best Y = 4.257 (for 3 iterations) | cost = 1820 €
length_scale of T is at upper bound
length_scale of pH is at upper bound
length_scale of F2 is at upper bound
next point: T=30.6 pH=4.92 F1=1.96 F2=0.22 F3=1.99 | acq=4.435e+00 | GP: mu=4.000 sigma=0.243
measurement: Y = 4.398 -> projected: Y = 2.938

iteration 4 - best Y = 4.257 (for 4 iterations) | cost = 2320 €
length_scale of T is at upper bound
length_scale of F2 is at upper bound
next point: T=24.5 pH=8.77 F1=2.00 F2=1.47 F3=1.99 | acq=4.445e+00 | GP: mu=3.750 sigma=0.405
measurement: Y = 4.375 -> projected: Y = 2.922

iteration 5 - best Y = 4.257 (for 5 iterations) | cost = 2820 €
length_scale of T is at upper bound
length_scale of F2 is at upper bound
next point: T=35.0 pH=3.51 F1=1.99 F2=0.12 F3=1.99 | acq=4.501e+00 | GP: mu=3.746 sigma=0.458
measurement: Y = 4.356 -> projected: Y = 2.909

iteration 6 - best Y = 4.257 (for 6 iterations) | cost = 3320 €
length_scale of T is at upper bound
length_scale of F2 is at upper bound
next point: T=41.5 pH=9.47 F1=1.95 F2=1.51 F3=1.81 | acq=4.323e+00 | GP: mu=3.648 sigma=0.428
measurement: Y = 4.254 -> projected: Y = 2.841

iteration 7 - best Y = 4.257 (for 7 iterations) | cost = 3820 €
length_scale of T is at upper bound
length_scale of pH is at upper bound
length_scale of F2 is at upper bound
next point: T=32.1 pH=5.67 F1=2.00 F2=0.34 F3=1.81 | acq=4.359e+00 | GP: mu=3.969 sigma=0.258
measurement: Y = 4.471 -> projected: Y = 2.986

iteration 8 - best Y = 4.257 (for 8 iterations) | cost = 4320 €
length_scale of T is at upper bound
length_scale of pH is at upper bound
next point: T=31.7 pH=4.20 F1=1.91 F2=0.00 F3=1.93 | acq=4.320e+00 | GP: mu=3.973 sigma=0.241
measurement: Y = 4.346 -> projected: Y = 2.903

iteration 9 - best Y = 4.257 (for 9 iterations) | cost = 4820 €
length_scale of T is at upper bound
length_scale of pH is at upper bound
next point: T=32.0 pH=6.51 F1=2.00 F2=0.00 F3=1.96 | acq=4.311e+00 | GP: mu=4.006 sigma=0.223
measurement: Y = 4.310 -> projected: Y = 2.878

iteration 10 - best Y = 4.257 (for 10 iterations) | cost = 5320 €
length_scale of pH is at upper bound
length_scale of F2 is at upper bound
next point: T=57.4 pH=7.14 F1=1.98 F2=0.11 F3=1.95 | acq=4.236e+00 | GP: mu=3.708 sigma=0.407
measurement: Y = 4.477 -> projected: Y = 2.990

iteration 11 - best Y = 4.257 (for 11 iterations) | cost = 5820 €
length_scale of T is at upper bound
length_scale of pH is at upper bound
length_scale of F2 is at upper bound
next point: T=26.4 pH=7.66 F1=1.87 F2=1.24 F3=2.00 | acq=4.180e+00 | GP: mu=3.963 sigma=0.177
  [rate-limited, sleeping 1.0s]
  [rate-limited, sleeping 2.5s]
  [rate-limited, sleeping 6.2s]
  [rate-limited, sleeping 15.6s]
  [rate-limited, sleeping 39.1s]
measurement: Y = 4.403 -> projected: Y = 2.941

iteration 12 - best Y = 4.257 (for 12 iterations) | cost = 6320 €
length_scale of T is at upper bound
length_scale of pH is at upper bound
length_scale of F2 is at upper bound
next point: T=26.6 pH=3.54 F1=1.95 F2=0.53 F3=2.00 | acq=3.972e+00 | GP: mu=3.720 sigma=0.217
measurement: Y = 4.459 -> projected: Y = 2.978

iteration 13 - best Y = 4.257 (for 13 iterations) | cost = 6820 €
length_scale of pH is at upper bound
length_scale of F2 is at upper bound
next point: T=20.1 pH=5.06 F1=1.97 F2=0.79 F3=1.92 | acq=4.176e+00 | GP: mu=3.946 sigma=0.211
measurement: Y = 4.252 -> projected: Y = 2.840

iteration 14 - best Y = 4.257 (for 14 iterations) | cost = 7320 €
length_scale of T is at upper bound
length_scale of pH is at upper bound
length_scale of F2 is at upper bound
next point: T=44.3 pH=3.62 F1=2.00 F2=1.41 F3=2.00 | acq=4.027e+00 | GP: mu=3.837 sigma=0.186
measurement: Y = 4.471 -> projected: Y = 2.986

iteration 15 - best Y = 4.257 (for 15 iterations) | cost = 7820 €
length_scale of pH is at upper bound
length_scale of F2 is at upper bound
next point: T=20.1 pH=3.13 F1=1.84 F2=1.23 F3=2.00 | acq=3.986e+00 | GP: mu=3.782 sigma=0.215
measurement: Y = 4.384 -> projected: Y = 2.928

iteration 16 - best Y = 4.257 (for 16 iterations) | cost = 8320 €
length_scale of T is at upper bound
length_scale of pH is at upper bound
length_scale of F2 is at upper bound
next point: T=57.7 pH=9.43 F1=1.42 F2=0.02 F3=1.68 | acq=3.299e+00 | GP: mu=3.035 sigma=0.300
measurement: Y = 4.015 -> projected: Y = 2.682

iteration 17 - best Y = 4.257 (for 17 iterations) | cost = 8820 €
length_scale of T is at upper bound
length_scale of pH is at upper bound
length_scale of F2 is at upper bound
next point: T=59.3 pH=5.28 F1=1.99 F2=1.60 F3=1.99 | acq=3.108e+00 | GP: mu=3.048 sigma=0.074
measurement: Y = 1.951 -> projected: Y = 1.951

iteration 18 - best Y = 4.257 (for 18 iterations) | cost = 10820 €
length_scale of T is at upper bound
length_scale of F2 is at upper bound
next point: T=33.9 pH=9.39 F1=1.94 F2=0.36 F3=1.99 | acq=3.926e+00 | GP: mu=3.695 sigma=0.313
measurement: Y = 4.658 -> projected: Y = 3.111

iteration 19 - best Y = 4.257 (for 19 iterations) | cost = 11320 €
length_scale of T is at upper bound
length_scale of F2 is at upper bound
next point: T=41.0 pH=3.01 F1=1.85 F2=1.43 F3=1.99 | acq=3.869e+00 | GP: mu=3.731 sigma=0.206
measurement: Y = 4.468 -> projected: Y = 2.984

iteration 20 - best Y = 4.257 (for 20 iterations) | cost = 11820 €
length_scale of T is at upper bound
length_scale of pH is at upper bound
next point: T=22.9 pH=5.26 F1=1.63 F2=2.00 F3=1.99 | acq=3.837e+00 | GP: mu=3.677 sigma=0.265
measurement: Y = 4.567 -> projected: Y = 3.051

iteration 21 - best Y = 4.257 (for 21 iterations) | cost = 12320 €
length_scale of T is at upper bound
length_scale of pH is at upper bound
length_scale of F2 is at upper bound
next point: T=32.4 pH=4.69 F1=1.98 F2=1.92 F3=1.94 | acq=3.037e+00 | GP: mu=2.812 sigma=0.425
measurement: Y = 4.505 -> projected: Y = 3.009

iteration 22 - best Y = 4.257 (for 22 iterations) | cost = 12820 €
length_scale of T is at upper bound
length_scale of pH is at upper bound
length_scale of F2 is at upper bound
next point: T=47.0 pH=3.84 F1=2.00 F2=0.31 F3=1.83 | acq=3.534e+00 | GP: mu=3.345 sigma=0.410
measurement: Y = 4.238 -> projected: Y = 2.830

iteration 23 - best Y = 4.257 (for 23 iterations) | cost = 13320 €
length_scale of pH is at upper bound
length_scale of F2 is at upper bound
next point: T=20.1 pH=6.04 F1=2.00 F2=0.50 F3=1.71 | acq=3.947e+00 | GP: mu=3.822 sigma=0.320
measurement: Y = 4.074 -> projected: Y = 2.721

iteration 24 - best Y = 4.257 (for 24 iterations) | cost = 13820 €
length_scale of T is at upper bound
length_scale of pH is at upper bound
length_scale of F2 is at upper bound
next point: T=27.3 pH=3.49 F1=1.98 F2=1.01 F3=1.89 | acq=3.027e+00 | GP: mu=2.927 sigma=0.313
measurement: Y = 4.307 -> projected: Y = 2.877

iteration 25 - best Y = 4.257 (for 25 iterations) | cost = 14320 €
length_scale of T is at upper bound
length_scale of F2 is at upper bound
next point: T=23.5 pH=3.01 F1=1.98 F2=1.36 F3=1.93 | acq=3.757e+00 | GP: mu=3.694 sigma=0.253
measurement: Y = 4.387 -> projected: Y = 2.930

iteration 26 - best Y = 4.257 (for 26 iterations) | cost = 14820 €
length_scale of T is at upper bound
length_scale of pH is at upper bound
next point: T=33.6 pH=7.37 F1=1.92 F2=0.03 F3=2.00 | acq=3.827e+00 | GP: mu=3.783 sigma=0.243
measurement: Y = 7.965 -> projected: Y = 5.319

iteration 27 - best Y = 5.319 (for 0 iterations) | cost = 15320 €
length_scale of T is at upper bound
length_scale of pH is at upper bound
length_scale of F2 is at upper bound
next point: T=20.6 pH=7.99 F1=1.92 F2=1.09 F3=2.00 | acq=4.662e+00 | GP: mu=4.617 sigma=0.410
measurement: Y = 4.410 -> projected: Y = 2.946

iteration 28 - best Y = 5.319 (for 1 iterations) | cost = 15820 €
length_scale of T is at upper bound
length_scale of pH is at upper bound
next point: T=33.3 pH=6.53 F1=1.87 F2=0.23 F3=2.00 | acq=4.479e+00 | GP: mu=4.464 sigma=0.398
measurement: Y = 4.934 -> projected: Y = 3.295

iteration 29 - best Y = 5.319 (for 2 iterations) | cost = 16320 €
length_scale of T is at upper bound
length_scale of F2 is at upper bound
next point: T=51.4 pH=7.38 F1=1.92 F2=0.21 F3=1.96 | acq=2.742e+00 | GP: mu=2.761 sigma=0.633
measurement: Y = 0.227 -> projected: Y = 4.150

iteration 30 - best Y = 5.319 (for 3 iterations) | cost = 16330 €
length_scale of T is at upper bound
length_scale of pH is at upper bound
next point: T=30.8 pH=8.86 F1=1.88 F2=0.03 F3=1.88 | acq=4.952e+00 | GP: mu=4.983 sigma=0.312
measurement: Y = 4.323 -> projected: Y = 2.887

iteration 31 - best Y = 5.319 (for 4 iterations) | cost = 16830 €
length_scale of T is at upper bound
length_scale of pH is at upper bound
next point: T=37.7 pH=3.15 F1=1.86 F2=0.12 F3=2.00 | acq=4.872e+00 | GP: mu=4.901 sigma=0.296
measurement: Y = 4.488 -> projected: Y = 2.998

iteration 32 - best Y = 5.319 (for 5 iterations) | cost = 17330 €
length_scale of T is at upper bound
length_scale of pH is at upper bound
next point: T=30.3 pH=6.58 F1=1.96 F2=0.03 F3=2.00 | acq=5.240e+00 | GP: mu=5.251 sigma=0.108
measurement: Y = 4.436 -> projected: Y = 2.963

iteration 33 - best Y = 5.319 (for 6 iterations) | cost = 17830 €
length_scale of pH is at upper bound
length_scale of F2 is at upper bound
next point: T=33.5 pH=6.19 F1=1.69 F2=0.92 F3=1.99 | acq=5.031e+00 | GP: mu=5.058 sigma=0.272
measurement: Y = 4.994 -> projected: Y = 3.336

iteration 34 - best Y = 5.319 (for 7 iterations) | cost = 18330 €
length_scale of T is at upper bound
length_scale of F2 is at upper bound
next point: T=52.1 pH=7.40 F1=1.95 F2=0.25 F3=2.00 | acq=4.892e+00 | GP: mu=4.920 sigma=0.282
measurement: Y = 4.477 -> projected: Y = 2.990

iteration 35 - best Y = 5.319 (for 8 iterations) | cost = 18830 €
length_scale of T is at upper bound
length_scale of F2 is at upper bound
next point: T=47.3 pH=7.47 F1=1.93 F2=0.23 F3=2.00 | acq=4.693e+00 | GP: mu=4.722 sigma=0.294
measurement: Y = 4.463 -> projected: Y = 2.981

iteration 36 - best Y = 5.319 (for 9 iterations) | cost = 19330 €
length_scale of T is at upper bound
length_scale of F2 is at upper bound
next point: T=55.6 pH=7.21 F1=1.92 F2=1.17 F3=1.87 | acq=4.440e+00 | GP: mu=4.484 sigma=0.435
measurement: Y = 4.233 -> projected: Y = 2.827

iteration 37 - best Y = 5.319 (for 10 iterations) | cost = 19830 €
length_scale of T is at upper bound
length_scale of pH is at upper bound
next point: T=50.5 pH=6.14 F1=1.48 F2=0.03 F3=2.00 | acq=3.827e+00 | GP: mu=3.863 sigma=0.361
measurement: Y = 4.348 -> projected: Y = 2.904

iteration 38 - best Y = 5.319 (for 11 iterations) | cost = 20330 €
length_scale of T is at upper bound
length_scale of pH is at upper bound
next point: T=25.1 pH=7.69 F1=1.86 F2=0.03 F3=2.00 | acq=3.829e+00 | GP: mu=3.881 sigma=0.520
measurement: Y = 4.402 -> projected: Y = 2.940

iteration 39 - best Y = 5.319 (for 12 iterations) | cost = 20830 €
length_scale of T is at upper bound
length_scale of F2 is at upper bound
next point: T=30.6 pH=7.36 F1=1.91 F2=1.33 F3=1.95 | acq=4.009e+00 | GP: mu=4.053 sigma=0.445
measurement: Y = 4.477 -> projected: Y = 2.990

iteration 40 - best Y = 5.319 (for 13 iterations) | cost = 21330 €
length_scale of pH is at upper bound
length_scale of F2 is at upper bound
next point: T=39.2 pH=3.32 F1=1.77 F2=0.04 F3=1.27 | acq=2.745e+00 | GP: mu=2.804 sigma=0.588
measurement: Y = 0.177 -> projected: Y = 3.232

iteration 41 - best Y = 5.319 (for 14 iterations) | cost = 21340 €
length_scale of pH is at upper bound
length_scale of F2 is at upper bound
next point: T=34.4 pH=5.18 F1=1.92 F2=0.68 F3=1.92 | acq=5.019e+00 | GP: mu=5.046 sigma=0.269
  [rate-limited, sleeping 1.0s]
  [rate-limited, sleeping 2.5s]
  [rate-limited, sleeping 6.2s]
  [rate-limited, sleeping 15.6s]
measurement: Y = 6.943 -> projected: Y = 4.637

iteration 42 - best Y = 5.319 (for 15 iterations) | cost = 21840 €
length_scale of pH is at upper bound
length_scale of F2 is at upper bound
next point: T=31.1 pH=6.56 F1=1.92 F2=0.07 F3=1.45 | acq=4.318e+00 | GP: mu=4.363 sigma=0.445
measurement: Y = 4.033 -> projected: Y = 2.693

iteration 43 - best Y = 5.319 (for 16 iterations) | cost = 22340 €
length_scale of T is at upper bound
length_scale of F2 is at upper bound
next point: T=58.5 pH=7.40 F1=0.68 F2=1.66 F3=1.99 | acq=2.771e+00 | GP: mu=2.832 sigma=0.609
measurement: Y = 0.198 -> projected: Y = 3.632

iteration 44 - best Y = 5.319 (for 17 iterations) | cost = 22350 €
length_scale of T is at upper bound
length_scale of F2 is at upper bound
next point: T=25.1 pH=5.18 F1=1.99 F2=0.73 F3=1.93 | acq=4.549e+00 | GP: mu=4.565 sigma=0.167
measurement: Y = 4.388 -> projected: Y = 2.931

iteration 45 - best Y = 5.319 (for 18 iterations) | cost = 22850 €
length_scale of pH is at upper bound
length_scale of F2 is at upper bound
next point: T=34.4 pH=3.35 F1=1.92 F2=0.75 F3=1.94 | acq=4.512e+00 | GP: mu=4.533 sigma=0.204
measurement: Y = 4.370 -> projected: Y = 2.919

iteration 46 - best Y = 5.319 (for 19 iterations) | cost = 23350 €
length_scale of pH is at upper bound
length_scale of F2 is at upper bound
next point: T=30.9 pH=6.78 F1=1.92 F2=0.37 F3=2.00 | acq=4.866e+00 | GP: mu=4.890 sigma=0.245
measurement: Y = 4.556 -> projected: Y = 3.043

iteration 47 - best Y = 5.319 (for 20 iterations) | cost = 23850 €
length_scale of pH is at upper bound
length_scale of F2 is at upper bound
next point: T=31.7 pH=3.43 F1=1.92 F2=0.24 F3=1.90 | acq=4.489e+00 | GP: mu=4.518 sigma=0.289
measurement: Y = 4.353 -> projected: Y = 2.907

iteration 48 - best Y = 5.319 (for 21 iterations) | cost = 24350 €
length_scale of T is at upper bound
length_scale of pH is at upper bound
length_scale of F1 is at lower bound
length_scale of F2 is at upper bound
next point: T=38.6 pH=3.13 F1=1.86 F2=0.51 F3=1.98 | acq=2.799e+00 | GP: mu=2.855 sigma=0.559
measurement: Y = 0.231 -> projected: Y = 4.225

iteration 49 - best Y = 5.319 (for 22 iterations) | cost = 24360 €
length_scale of T is at upper bound
length_scale of F2 is at upper bound
next point: T=38.0 pH=5.38 F1=1.92 F2=0.98 F3=1.90 | acq=3.949e+00 | GP: mu=3.995 sigma=0.456
measurement: Y = 4.962 -> projected: Y = 3.314

iteration 50 - best Y = 5.319 (for 23 iterations) | cost = 24860 €
length_scale of T is at upper bound
length_scale of pH is at upper bound
next point: T=31.6 pH=8.00 F1=0.05 F2=0.00 F3=1.93 | acq=2.813e+00 | GP: mu=2.872 sigma=0.589
measurement: Y = 0.153 -> projected: Y = 2.796

iteration 51 - best Y = 5.319 (for 24 iterations) | cost = 24870 €
length_scale of T is at upper bound
length_scale of pH is at upper bound
next point: T=41.9 pH=3.76 F1=1.90 F2=0.03 F3=2.00 | acq=4.888e+00 | GP: mu=4.917 sigma=0.288
measurement: Y = 4.532 -> projected: Y = 3.027

iteration 52 - best Y = 5.319 (for 25 iterations) | cost = 25370 €
length_scale of T is at upper bound
length_scale of F2 is at upper bound
next point: T=59.6 pH=7.29 F1=0.88 F2=1.74 F3=1.31 | acq=2.813e+00 | GP: mu=2.872 sigma=0.591
measurement: Y = 0.189 -> projected: Y = 3.466

iteration 53 - best Y = 5.319 (for 26 iterations) | cost = 25380 €
length_scale of T is at upper bound
length_scale of F2 is at upper bound
next point: T=20.9 pH=7.42 F1=0.68 F2=1.72 F3=2.00 | acq=3.710e+00 | GP: mu=3.764 sigma=0.541
measurement: Y = 4.289 -> projected: Y = 2.864

iteration 54 - best Y = 5.319 (for 27 iterations) | cost = 25880 €
length_scale of T is at upper bound
length_scale of pH is at upper bound
length_scale of F2 is at upper bound
next point: T=41.1 pH=5.94 F1=1.64 F2=1.94 F3=2.00 | acq=4.481e+00 | GP: mu=4.521 sigma=0.398
measurement: Y = 4.452 -> projected: Y = 2.973

iteration 55 - best Y = 5.319 (for 28 iterations) | cost = 26380 €
length_scale of T is at upper bound
length_scale of pH is at upper bound
next point: T=31.0 pH=3.81 F1=0.68 F2=0.99 F3=1.90 | acq=2.967e+00 | GP: mu=3.020 sigma=0.539
measurement: Y = 4.220 -> projected: Y = 2.819

iteration 56 - best Y = 5.319 (for 29 iterations) | cost = 26880 €
length_scale of T is at upper bound
length_scale of pH is at upper bound
next point: T=54.1 pH=6.31 F1=1.25 F2=0.68 F3=1.95 | acq=3.672e+00 | GP: mu=3.722 sigma=0.497
measurement: Y = 4.367 -> projected: Y = 2.917

iteration 57 - best Y = 5.319 (for 30 iterations) | cost = 27380 €
length_scale of pH is at upper bound
length_scale of F2 is at upper bound
next point: T=32.0 pH=3.77 F1=1.46 F2=1.36 F3=2.00 | acq=3.582e+00 | GP: mu=3.631 sigma=0.490

Best point on pilot scale: T=33.6 pH=7.37 F1=1.92 F2=0.03 F3=2.00 | Y = 3.802 | cost = 27380
